Oct 15 15:51:56 titusbiluta-VirtualBox systemd-modules-load[254]: Inserted module 'lp'
Oct 15 15:51:56 titusbiluta-VirtualBox systemd[1]: Starting Flush Journal to Persistent Storage...
Oct 15 15:51:56 titusbiluta-VirtualBox systemd[1]: Finished Load/Save Random Seed.
Oct 15 15:51:56 titusbiluta-VirtualBox systemd[1]: Condition check resulted in First Boot Complete being skipped.
Oct 15 15:51:56 titusbiluta-VirtualBox systemd-modules-load[254]: Inserted module 'ppdev'
Oct 15 15:51:56 titusbiluta-VirtualBox systemd[1]: Finished Create System Users.
Oct 15 15:51:56 titusbiluta-VirtualBox systemd[1]: Starting Create Static Device Nodes in /dev...
Oct 15 15:51:56 titusbiluta-VirtualBox systemd-modules-load[254]: Inserted module 'parport_pc'
Oct 15 15:51:56 titusbiluta-VirtualBox systemd[1]: Finished Flush Journal to Persistent Storage.
Oct 15 15:51:56 titusbiluta-VirtualBox systemd[1]: Finished Create Static Device Nodes in /dev.
Oct 15 15:51:56 titusbiluta-VirtualBox systemd[1]: Starting Rule-based Manager for Device Events and Files...
Oct 15 15:51:56 titusbiluta-VirtualBox systemd-modules-load[254]: Inserted module 'msr'
Oct 15 15:51:56 titusbiluta-VirtualBox systemd[1]: Finished Set the console keyboard layout.
Oct 15 15:51:56 titusbiluta-VirtualBox systemd[1]: Finished Load Kernel Modules.
Oct 15 15:51:56 titusbiluta-VirtualBox systemd[1]: Reached target Preparation for Local File Systems.
Oct 15 15:51:56 titusbiluta-VirtualBox systemd[1]: Mounting Mount unit for bare, revision 5...
Oct 15 15:51:56 titusbiluta-VirtualBox systemd[1]: Mounting Mount unit for core22, revision 1612...
Oct 15 15:51:56 titusbiluta-VirtualBox systemd[1]: Mounting Mount unit for firefox, revision 4848...
Oct 15 15:51:56 titusbiluta-VirtualBox systemd[1]: Mounting Mount unit for gnome-42-2204, revision 176...
Oct 15 15:51:56 titusbiluta-VirtualBox systemd[1]: Mounting Mount unit for gtk-common-themes, revision 1535...
Oct 15 15:51:56 titusbiluta-VirtualBox systemd[1]: Mounting Mount unit for snap-store, revision 1113...
Oct 15 15:51:56 titusbiluta-VirtualBox systemd[1]: Mounting Mount unit for snapd, revision 21759...
Oct 15 15:51:56 titusbiluta-VirtualBox systemd[1]: Mounting Mount unit for snapd-desktop-integration, revision 178...
Oct 15 15:51:56 titusbiluta-VirtualBox systemd[1]: Starting Apply Kernel Variables...
Oct 15 15:51:56 titusbiluta-VirtualBox systemd[1]: Finished Coldplug All udev Devices.
Oct 15 15:51:56 titusbiluta-VirtualBox systemd[1]: Mounted Mount unit for bare, revision 5.
Oct 15 15:51:56 titusbiluta-VirtualBox systemd[1]: Mounted Mount unit for core22, revision 1612.
Oct 15 15:51:56 titusbiluta-VirtualBox systemd[1]: Mounted Mount unit for firefox, revision 4848.
Oct 15 15:51:56 titusbiluta-VirtualBox systemd[1]: Mounted Mount unit for gnome-42-2204, revision 176.
Oct 15 15:51:56 titusbiluta-VirtualBox systemd[1]: Mounted Mount unit for gtk-common-themes, revision 1535.
Oct 15 15:51:56 titusbiluta-VirtualBox systemd[1]: Mounted Mount unit for snap-store, revision 1113.
Oct 15 15:51:56 titusbiluta-VirtualBox systemd[1]: Mounted Mount unit for snapd, revision 21759.
Oct 15 15:51:56 titusbiluta-VirtualBox systemd[1]: Mounted Mount unit for snapd-desktop-integration, revision 178.
Oct 15 15:51:56 titusbiluta-VirtualBox systemd[1]: Reached target Mounted snaps.
Oct 15 15:51:56 titusbiluta-VirtualBox systemd[1]: Finished Apply Kernel Variables.
Oct 15 15:51:56 titusbiluta-VirtualBox systemd[1]: Started Rule-based Manager for Device Events and Files.
Oct 15 15:51:56 titusbiluta-VirtualBox systemd[1]: Starting Show Plymouth Boot Screen...
Oct 15 15:51:56 titusbiluta-VirtualBox systemd[1]: Received SIGRTMIN+20 from PID 316 (plymouthd).
Oct 15 15:51:56 titusbiluta-VirtualBox systemd[1]: Started Show Plymouth Boot Screen.
Oct 15 15:51:56 titusbiluta-VirtualBox systemd[1]: Condition check resulted in Dispatch Password Requests to Console Directory Watch being skipped.
Oct 15 15:51:56 titusbiluta-VirtualBox systemd[1]: Started Forward Password Requests to Plymouth Directory Watch.
Oct 15 15:51:56 titusbiluta-VirtualBox systemd[1]: Reached target Local Encrypted Volumes.
Oct 15 15:51:56 titusbiluta-VirtualBox systemd-udevd[314]: Using default interface naming scheme 'v249'.
Oct 15 15:51:56 titusbiluta-VirtualBox mtp-probe: checking bus 1, device 2: "/sys/devices/pci0000:00/0000:00:06.0/usb1/1-1"
Oct 15 15:51:56 titusbiluta-VirtualBox systemd-udevd[314]: sda: Process '/usr/bin/unshare -m /usr/bin/snap auto-import --mount=/dev/sda' failed with exit code 1.
Oct 15 15:51:56 titusbiluta-VirtualBox mtp-probe: bus: 1, device: 2 was not an MTP device
Oct 15 15:51:56 titusbiluta-VirtualBox systemd-udevd[314]: sda2: Process '/usr/bin/unshare -m /usr/bin/snap auto-import --mount=/dev/sda2' failed with exit code 1.
Oct 15 15:51:56 titusbiluta-VirtualBox systemd[1]: Found device VBOX_HARDDISK EFI\x20System\x20Partition.
Oct 15 15:51:56 titusbiluta-VirtualBox systemd-fsck[365]: fsck.fat 4.2 (2021-01-31)
Oct 15 15:51:56 titusbiluta-VirtualBox systemd-fsck[365]: /dev/sda2: 11 files, 1557/131063 clusters
Oct 15 15:51:56 titusbiluta-VirtualBox systemd-udevd[299]: sda1: Process '/usr/bin/unshare -m /usr/bin/snap auto-import --mount=/dev/sda1' failed with exit code 1.
Oct 15 15:51:56 titusbiluta-VirtualBox systemd[1]: Starting File System Check on /dev/disk/by-uuid/31AB-EB09...
Oct 15 15:51:56 titusbiluta-VirtualBox systemd-udevd[287]: sr0: Process '/usr/bin/unshare -m /usr/bin/snap auto-import --mount=/dev/sr0' failed with exit code 1.
Oct 15 15:51:56 titusbiluta-VirtualBox systemd-udevd[294]: sda3: Process '/usr/bin/unshare -m /usr/bin/snap auto-import --mount=/dev/sda3' failed with exit code 1.
Oct 15 15:51:56 titusbiluta-VirtualBox systemd[1]: Started File System Check Daemon to report status.
Oct 15 15:51:56 titusbiluta-VirtualBox systemd[1]: Listening on Load/Save RF Kill Switch Status /dev/rfkill Watch.
Oct 15 15:51:56 titusbiluta-VirtualBox systemd[1]: Finished File System Check on /dev/disk/by-uuid/31AB-EB09.
Oct 15 15:51:56 titusbiluta-VirtualBox systemd[1]: Mounting /boot/efi...
Oct 15 15:51:56 titusbiluta-VirtualBox systemd[1]: Mounted /boot/efi.
Oct 15 15:51:56 titusbiluta-VirtualBox systemd[1]: Reached target Local File Systems.
Oct 15 15:51:56 titusbiluta-VirtualBox systemd[1]: Starting Load AppArmor profiles...
Oct 15 15:51:56 titusbiluta-VirtualBox systemd[1]: Starting Set console font and keymap...
Oct 15 15:51:56 titusbiluta-VirtualBox systemd[1]: Starting Tell Plymouth To Write Out Runtime Data...
Oct 15 15:51:56 titusbiluta-VirtualBox apparmor.systemd[445]: Restarting AppArmor
Oct 15 15:51:56 titusbiluta-VirtualBox apparmor.systemd[445]: Reloading AppArmor profiles
Oct 15 15:51:56 titusbiluta-VirtualBox systemd[1]: Starting Set Up Additional Binary Formats...
Oct 15 15:51:56 titusbiluta-VirtualBox systemd[1]: Condition check resulted in Store a System Token in an EFI Variable being skipped.
Oct 15 15:51:56 titusbiluta-VirtualBox systemd[1]: Starting Commit a transient machine-id on disk...
Oct 15 15:51:56 titusbiluta-VirtualBox systemd[1]: Starting Create Volatile Files and Directories...
Oct 15 15:51:56 titusbiluta-VirtualBox systemd[1]: Starting Uncomplicated firewall...
Oct 15 15:51:56 titusbiluta-VirtualBox systemd[1]: Finished Set console font and keymap.
Oct 15 15:51:56 titusbiluta-VirtualBox systemd[1]: proc-sys-fs-binfmt_misc.automount: Got automount request for /proc/sys/fs/binfmt_misc, triggered by 484 (systemd-binfmt)
Oct 15 15:51:56 titusbiluta-VirtualBox systemd-udevd[289]: controlC0: Process '/usr/sbin/alsactl -E HOME=/run/alsa -E XDG_RUNTIME_DIR=/run/alsa/runtime restore 0' failed with exit code 99.
Oct 15 15:51:56 titusbiluta-VirtualBox systemd[1]: Condition check resulted in Dispatch Password Requests to Console Directory Watch being skipped.
Oct 15 15:51:56 titusbiluta-VirtualBox systemd[1]: Mounting Arbitrary Executable File Formats File System...
Oct 15 15:51:56 titusbiluta-VirtualBox systemd[1]: Starting Load Kernel Module efi_pstore...
Oct 15 15:51:56 titusbiluta-VirtualBox systemd[1]: Condition check resulted in Store a System Token in an EFI Variable being skipped.
Oct 15 15:51:56 titusbiluta-VirtualBox systemd[1]: Finished Tell Plymouth To Write Out Runtime Data.
Oct 15 15:51:56 titusbiluta-VirtualBox systemd[1]: Finished Create Volatile Files and Directories.
Oct 15 15:51:56 titusbiluta-VirtualBox systemd[1]: Received SIGRTMIN+20 from PID 316 (plymouthd).
Oct 15 15:51:56 titusbiluta-VirtualBox systemd[1]: Starting Userspace Out-Of-Memory (OOM) Killer...
Oct 15 15:51:56 titusbiluta-VirtualBox systemd[1]: Starting Network Name Resolution...
Oct 15 15:51:56 titusbiluta-VirtualBox systemd[1]: Starting Network Time Synchronization...
Oct 15 15:51:56 titusbiluta-VirtualBox systemd[1]: Starting Record System Boot/Shutdown in UTMP...
Oct 15 15:51:56 titusbiluta-VirtualBox systemd[1]: Finished Uncomplicated firewall.
Oct 15 15:51:56 titusbiluta-VirtualBox systemd[1]: Mounted Arbitrary Executable File Formats File System.
Oct 15 15:51:56 titusbiluta-VirtualBox systemd[1]: modprobe@efi_pstore.service: Deactivated successfully.
Oct 15 15:51:56 titusbiluta-VirtualBox systemd[1]: Finished Load Kernel Module efi_pstore.
Oct 15 15:51:56 titusbiluta-VirtualBox systemd[1]: Finished Set Up Additional Binary Formats.
Oct 15 15:51:56 titusbiluta-VirtualBox systemd[1]: Reached target Preparation for Network.
Oct 15 15:51:56 titusbiluta-VirtualBox systemd[1]: Condition check resulted in Platform Persistent Storage Archival being skipped.
Oct 15 15:51:56 titusbiluta-VirtualBox systemd[1]: etc-machine\x2did.mount: Deactivated successfully.
Oct 15 15:51:56 titusbiluta-VirtualBox systemd[1]: Finished Commit a transient machine-id on disk.
Oct 15 15:51:56 titusbiluta-VirtualBox systemd[1]: Finished Record System Boot/Shutdown in UTMP.
Oct 15 15:51:56 titusbiluta-VirtualBox systemd[1]: Started Userspace Out-Of-Memory (OOM) Killer.
Oct 15 15:51:56 titusbiluta-VirtualBox apparmor.systemd[569]: Skipping profile in /etc/apparmor.d/disable: usr.sbin.rsyslogd
Oct 15 15:51:56 titusbiluta-VirtualBox systemd-resolved[545]: Positive Trust Anchors:
Oct 15 15:51:56 titusbiluta-VirtualBox systemd-resolved[545]: . IN DS 20326 8 2 e06d44b80b8f1d39a95c0b0d7c65d08458e880409bbc683457104237c7f8ec8d
Oct 15 15:51:56 titusbiluta-VirtualBox systemd-resolved[545]: Negative trust anchors: home.arpa 10.in-addr.arpa 16.172.in-addr.arpa 17.172.in-addr.arpa 18.172.in-addr.arpa 19.172.in-addr.arpa 20.172.in-addr.arpa 21.172.in-addr.arpa 22.172.in-addr.arpa 23.172.in-addr.arpa 24.172.in-addr.arpa 25.172.in-addr.arpa 26.172.in-addr.arpa 27.172.in-addr.arpa 28.172.in-addr.arpa 29.172.in-addr.arpa 30.172.in-addr.arpa 31.172.in-addr.arpa 168.192.in-addr.arpa d.f.ip6.arpa corp home internal intranet lan local private test
Oct 15 15:51:56 titusbiluta-VirtualBox systemd-resolved[545]: Using system hostname 'titusbiluta-VirtualBox'.
Oct 15 15:51:56 titusbiluta-VirtualBox systemd[1]: Started Network Name Resolution.
Oct 15 15:51:56 titusbiluta-VirtualBox systemd[1]: Reached target Host and Network Name Lookups.
Oct 15 15:51:56 titusbiluta-VirtualBox systemd[1]: Started Network Time Synchronization.
Oct 15 15:51:56 titusbiluta-VirtualBox systemd[1]: Reached target System Time Set.
Oct 15 15:51:56 titusbiluta-VirtualBox systemd[1]: Finished Load AppArmor profiles.
Oct 15 15:51:56 titusbiluta-VirtualBox systemd[1]: Starting Load AppArmor profiles managed internally by snapd...
Oct 15 15:51:56 titusbiluta-VirtualBox snapd-apparmor[591]: main.go:124: Loading profiles [/var/lib/snapd/apparmor/profiles/snap-confine.snapd.21759 /var/lib/snapd/apparmor/profiles/snap-update-ns.firefox /var/lib/snapd/apparmor/profiles/snap-update-ns.snap-store /var/lib/snapd/apparmor/profiles/snap-update-ns.snapd-desktop-integration /var/lib/snapd/apparmor/profiles/snap.firefox.firefox /var/lib/snapd/apparmor/profiles/snap.firefox.geckodriver /var/lib/snapd/apparmor/profiles/snap.firefox.hook.configure /var/lib/snapd/apparmor/profiles/snap.firefox.hook.disconnect-plug-host-hunspell /var/lib/snapd/apparmor/profiles/snap.firefox.hook.post-refresh /var/lib/snapd/apparmor/profiles/snap.snap-store.hook.configure /var/lib/snapd/apparmor/profiles/snap.snap-store.snap-store /var/lib/snapd/apparmor/profiles/snap.snap-store.ubuntu-software /var/lib/snapd/apparmor/profiles/snap.snap-store.ubuntu-software-local-file /var/lib/snapd/apparmor/profiles/snap.snapd-desktop-integration.hook.configure /var/lib/snapd/apparmor/profiles/snap.snapd-desktop-integration.snapd-desktop-integration]
Oct 15 15:51:56 titusbiluta-VirtualBox kernel: [    0.000000] Linux version 6.8.0-45-generic (buildd@lcy02-amd64-075) (x86_64-linux-gnu-gcc-12 (Ubuntu 12.3.0-1ubuntu1~22.04) 12.3.0, GNU ld (GNU Binutils for Ubuntu) 2.38) #45~22.04.1-Ubuntu SMP PREEMPT_DYNAMIC Wed Sep 11 15:25:05 UTC 2 (Ubuntu 6.8.0-45.45~22.04.1-generic 6.8.12)
Oct 15 15:51:56 titusbiluta-VirtualBox kernel: [    0.000000] Command line: BOOT_IMAGE=/boot/vmlinuz-6.8.0-45-generic root=UUID=58754d9a-cc3f-46cc-b069-048f272f6476 ro quiet splash
Oct 15 15:51:56 titusbiluta-VirtualBox kernel: [    0.000000] KERNEL supported cpus:
Oct 15 15:51:56 titusbiluta-VirtualBox kernel: [    0.000000]   Intel GenuineIntel
Oct 15 15:51:56 titusbiluta-VirtualBox kernel: [    0.000000]   AMD AuthenticAMD
Oct 15 15:51:56 titusbiluta-VirtualBox kernel: [    0.000000]   Hygon HygonGenuine
Oct 15 15:51:56 titusbiluta-VirtualBox kernel: [    0.000000]   Centaur CentaurHauls
Oct 15 15:51:56 titusbiluta-VirtualBox kernel: [    0.000000]   zhaoxin   Shanghai  
Oct 15 15:51:56 titusbiluta-VirtualBox kernel: [    0.000000] [Firmware Bug]: TSC doesn't count with P0 frequency!
Oct 15 15:51:56 titusbiluta-VirtualBox kernel: [    0.000000] BIOS-provided physical RAM map:
Oct 15 15:51:56 titusbiluta-VirtualBox kernel: [    0.000000] BIOS-e820: [mem 0x0000000000000000-0x000000000009fbff] usable
Oct 15 15:51:56 titusbiluta-VirtualBox kernel: [    0.000000] BIOS-e820: [mem 0x000000000009fc00-0x000000000009ffff] reserved
Oct 15 15:51:56 titusbiluta-VirtualBox kernel: [    0.000000] BIOS-e820: [mem 0x00000000000f0000-0x00000000000fffff] reserved
Oct 15 15:51:56 titusbiluta-VirtualBox kernel: [    0.000000] BIOS-e820: [mem 0x0000000000100000-0x00000000dffeffff] usable
Oct 15 15:51:56 titusbiluta-VirtualBox kernel: [    0.000000] BIOS-e820: [mem 0x00000000dfff0000-0x00000000dfffffff] ACPI data
Oct 15 15:51:56 titusbiluta-VirtualBox kernel: [    0.000000] BIOS-e820: [mem 0x00000000fec00000-0x00000000fec00fff] reserved
Oct 15 15:51:56 titusbiluta-VirtualBox kernel: [    0.000000] BIOS-e820: [mem 0x00000000fee00000-0x00000000fee00fff] reserved
Oct 15 15:51:56 titusbiluta-VirtualBox kernel: [    0.000000] BIOS-e820: [mem 0x00000000fffc0000-0x00000000ffffffff] reserved
Oct 15 15:51:56 titusbiluta-VirtualBox kernel: [    0.000000] BIOS-e820: [mem 0x0000000100000000-0x000000031fffffff] usable
Oct 15 15:51:56 titusbiluta-VirtualBox kernel: [    0.000000] NX (Execute Disable) protection: active
Oct 15 15:51:56 titusbiluta-VirtualBox kernel: [    0.000000] APIC: Static calls initialized
Oct 15 15:51:56 titusbiluta-VirtualBox kernel: [    0.000000] SMBIOS 2.5 present.
Oct 15 15:51:56 titusbiluta-VirtualBox kernel: [    0.000000] DMI: innotek GmbH VirtualBox/VirtualBox, BIOS VirtualBox 12/01/2006
Oct 15 15:51:56 titusbiluta-VirtualBox kernel: [    0.000000] Hypervisor detected: KVM
Oct 15 15:51:56 titusbiluta-VirtualBox kernel: [    0.000000] kvm-clock: Using msrs 4b564d01 and 4b564d00
Oct 15 15:51:56 titusbiluta-VirtualBox kernel: [    0.000002] kvm-clock: using sched offset of 982853204197 cycles
Oct 15 15:51:56 titusbiluta-VirtualBox kernel: [    0.000004] clocksource: kvm-clock: mask: 0xffffffffffffffff max_cycles: 0x1cd42e4dffb, max_idle_ns: 881590591483 ns
Oct 15 15:51:56 titusbiluta-VirtualBox kernel: [    0.000007] tsc: Detected 3193.912 MHz processor
Oct 15 15:51:56 titusbiluta-VirtualBox kernel: [    0.001630] e820: update [mem 0x00000000-0x00000fff] usable ==> reserved
Oct 15 15:51:56 titusbiluta-VirtualBox kernel: [    0.001634] e820: remove [mem 0x000a0000-0x000fffff] usable
Oct 15 15:51:56 titusbiluta-VirtualBox kernel: [    0.001639] last_pfn = 0x320000 max_arch_pfn = 0x400000000
Oct 15 15:51:56 titusbiluta-VirtualBox kernel: [    0.001669] MTRR map: 3 entries (3 fixed + 0 variable; max 19), built from 8 variable MTRRs
Oct 15 15:51:56 titusbiluta-VirtualBox kernel: [    0.001672] x86/PAT: Configuration [0-7]: WB  WC  UC- UC  WB  WP  UC- WT  
Oct 15 15:51:56 titusbiluta-VirtualBox kernel: [    0.001709] CPU MTRRs all blank - virtualized system.
Oct 15 15:51:56 titusbiluta-VirtualBox kernel: [    0.001710] last_pfn = 0xdfff0 max_arch_pfn = 0x400000000
Oct 15 15:51:56 titusbiluta-VirtualBox kernel: [    0.004513] found SMP MP-table at [mem 0x0009fbf0-0x0009fbff]
Oct 15 15:51:56 titusbiluta-VirtualBox kernel: [    0.004658] RAMDISK: [mem 0x2f68d000-0x33b3dfff]
Oct 15 15:51:56 titusbiluta-VirtualBox kernel: [    0.004665] ACPI: Early table checksum verification disabled
Oct 15 15:51:56 titusbiluta-VirtualBox kernel: [    0.004668] ACPI: RSDP 0x00000000000E0000 000024 (v02 VBOX  )
Oct 15 15:51:56 titusbiluta-VirtualBox kernel: [    0.004672] ACPI: XSDT 0x00000000DFFF0030 00003C (v01 VBOX   VBOXXSDT 00000001 ASL  00000061)
Oct 15 15:51:56 titusbiluta-VirtualBox kernel: [    0.004676] ACPI: FACP 0x00000000DFFF00F0 0000F4 (v04 VBOX   VBOXFACP 00000001 ASL  00000061)
Oct 15 15:51:56 titusbiluta-VirtualBox kernel: [    0.004680] ACPI: DSDT 0x00000000DFFF0630 002353 (v02 VBOX   VBOXBIOS 00000002 INTL 20100528)
Oct 15 15:51:56 titusbiluta-VirtualBox kernel: [    0.004682] ACPI: FACS 0x00000000DFFF0200 000040
Oct 15 15:51:56 titusbiluta-VirtualBox kernel: [    0.004684] ACPI: FACS 0x00000000DFFF0200 000040
Oct 15 15:51:56 titusbiluta-VirtualBox kernel: [    0.004685] ACPI: APIC 0x00000000DFFF0240 00007C (v02 VBOX   VBOXAPIC 00000001 ASL  00000061)
Oct 15 15:51:56 titusbiluta-VirtualBox kernel: [    0.004687] ACPI: SSDT 0x00000000DFFF02C0 00036C (v01 VBOX   VBOXCPUT 00000002 INTL 20100528)
Oct 15 15:51:56 titusbiluta-VirtualBox kernel: [    0.004688] ACPI: Reserving FACP table memory at [mem 0xdfff00f0-0xdfff01e3]
Oct 15 15:51:56 titusbiluta-VirtualBox kernel: [    0.004689] ACPI: Reserving DSDT table memory at [mem 0xdfff0630-0xdfff2982]
Oct 15 15:51:56 titusbiluta-VirtualBox kernel: [    0.004690] ACPI: Reserving FACS table memory at [mem 0xdfff0200-0xdfff023f]
Oct 15 15:51:56 titusbiluta-VirtualBox kernel: [    0.004690] ACPI: Reserving FACS table memory at [mem 0xdfff0200-0xdfff023f]
Oct 15 15:51:56 titusbiluta-VirtualBox kernel: [    0.004691] ACPI: Reserving APIC table memory at [mem 0xdfff0240-0xdfff02bb]
Oct 15 15:51:56 titusbiluta-VirtualBox kernel: [    0.004691] ACPI: Reserving SSDT table memory at [mem 0xdfff02c0-0xdfff062b]
Oct 15 15:51:56 titusbiluta-VirtualBox kernel: [    0.005325] No NUMA configuration found
Oct 15 15:51:56 titusbiluta-VirtualBox kernel: [    0.005331] Faking a node at [mem 0x0000000000000000-0x000000031fffffff]
Oct 15 15:51:56 titusbiluta-VirtualBox kernel: [    0.005341] NODE_DATA(0) allocated [mem 0x31ffd1000-0x31fffbfff]
Oct 15 15:51:56 titusbiluta-VirtualBox kernel: [    0.005509] Zone ranges:
Oct 15 15:51:56 titusbiluta-VirtualBox kernel: [    0.005510]   DMA      [mem 0x0000000000001000-0x0000000000ffffff]
Oct 15 15:51:56 titusbiluta-VirtualBox kernel: [    0.005512]   DMA32    [mem 0x0000000001000000-0x00000000ffffffff]
Oct 15 15:51:56 titusbiluta-VirtualBox kernel: [    0.005513]   Normal   [mem 0x0000000100000000-0x000000031fffffff]
Oct 15 15:51:56 titusbiluta-VirtualBox kernel: [    0.005514]   Device   empty
Oct 15 15:51:56 titusbiluta-VirtualBox kernel: [    0.005514] Movable zone start for each node
Oct 15 15:51:56 titusbiluta-VirtualBox kernel: [    0.005515] Early memory node ranges
Oct 15 15:51:56 titusbiluta-VirtualBox kernel: [    0.005516]   node   0: [mem 0x0000000000001000-0x000000000009efff]
Oct 15 15:51:56 titusbiluta-VirtualBox kernel: [    0.005517]   node   0: [mem 0x0000000000100000-0x00000000dffeffff]
Oct 15 15:51:56 titusbiluta-VirtualBox kernel: [    0.005517]   node   0: [mem 0x0000000100000000-0x000000031fffffff]
Oct 15 15:51:56 titusbiluta-VirtualBox kernel: [    0.005519] Initmem setup node 0 [mem 0x0000000000001000-0x000000031fffffff]
Oct 15 15:51:56 titusbiluta-VirtualBox kernel: [    0.005523] On node 0, zone DMA: 1 pages in unavailable ranges
Oct 15 15:51:56 titusbiluta-VirtualBox kernel: [    0.005596] On node 0, zone DMA: 97 pages in unavailable ranges
Oct 15 15:51:56 titusbiluta-VirtualBox kernel: [    0.022686] On node 0, zone Normal: 16 pages in unavailable ranges
Oct 15 15:51:56 titusbiluta-VirtualBox kernel: [    0.023761] ACPI: PM-Timer IO Port: 0x4008
Oct 15 15:51:56 titusbiluta-VirtualBox kernel: [    0.023959] IOAPIC[0]: apic_id 6, version 32, address 0xfec00000, GSI 0-23
Oct 15 15:51:56 titusbiluta-VirtualBox kernel: [    0.023962] ACPI: INT_SRC_OVR (bus 0 bus_irq 0 global_irq 2 dfl dfl)
Oct 15 15:51:56 titusbiluta-VirtualBox kernel: [    0.023964] ACPI: INT_SRC_OVR (bus 0 bus_irq 9 global_irq 9 low level)
Oct 15 15:51:56 titusbiluta-VirtualBox kernel: [    0.023967] ACPI: Using ACPI (MADT) for SMP configuration information
Oct 15 15:51:56 titusbiluta-VirtualBox kernel: [    0.023969] smpboot: Allowing 6 CPUs, 0 hotplug CPUs
Oct 15 15:51:56 titusbiluta-VirtualBox kernel: [    0.024063] PM: hibernation: Registered nosave memory: [mem 0x00000000-0x00000fff]
Oct 15 15:51:56 titusbiluta-VirtualBox kernel: [    0.024064] PM: hibernation: Registered nosave memory: [mem 0x0009f000-0x0009ffff]
Oct 15 15:51:56 titusbiluta-VirtualBox kernel: [    0.024065] PM: hibernation: Registered nosave memory: [mem 0x000a0000-0x000effff]
Oct 15 15:51:56 titusbiluta-VirtualBox kernel: [    0.024065] PM: hibernation: Registered nosave memory: [mem 0x000f0000-0x000fffff]
Oct 15 15:51:56 titusbiluta-VirtualBox kernel: [    0.024066] PM: hibernation: Registered nosave memory: [mem 0xdfff0000-0xdfffffff]
Oct 15 15:51:56 titusbiluta-VirtualBox kernel: [    0.024067] PM: hibernation: Registered nosave memory: [mem 0xe0000000-0xfebfffff]
Oct 15 15:51:56 titusbiluta-VirtualBox kernel: [    0.024067] PM: hibernation: Registered nosave memory: [mem 0xfec00000-0xfec00fff]
Oct 15 15:51:56 titusbiluta-VirtualBox kernel: [    0.024068] PM: hibernation: Registered nosave memory: [mem 0xfec01000-0xfedfffff]
Oct 15 15:51:56 titusbiluta-VirtualBox kernel: [    0.024068] PM: hibernation: Registered nosave memory: [mem 0xfee00000-0xfee00fff]
Oct 15 15:51:56 titusbiluta-VirtualBox kernel: [    0.024068] PM: hibernation: Registered nosave memory: [mem 0xfee01000-0xfffbffff]
Oct 15 15:51:56 titusbiluta-VirtualBox kernel: [    0.024069] PM: hibernation: Registered nosave memory: [mem 0xfffc0000-0xffffffff]
Oct 15 15:51:56 titusbiluta-VirtualBox kernel: [    0.024070] [mem 0xe0000000-0xfebfffff] available for PCI devices
Oct 15 15:51:56 titusbiluta-VirtualBox kernel: [    0.024072] Booting paravirtualized kernel on KVM
Oct 15 15:51:56 titusbiluta-VirtualBox kernel: [    0.024073] clocksource: refined-jiffies: mask: 0xffffffff max_cycles: 0xffffffff, max_idle_ns: 1910969940391419 ns
Oct 15 15:51:56 titusbiluta-VirtualBox kernel: [    0.024079] setup_percpu: NR_CPUS:8192 nr_cpumask_bits:6 nr_cpu_ids:6 nr_node_ids:1
Oct 15 15:51:56 titusbiluta-VirtualBox kernel: [    0.024686] percpu: Embedded 86 pages/cpu s229376 r8192 d114688 u524288
Oct 15 15:51:56 titusbiluta-VirtualBox kernel: [    0.024691] pcpu-alloc: s229376 r8192 d114688 u524288 alloc=1*2097152
Oct 15 15:51:56 titusbiluta-VirtualBox kernel: [    0.024693] pcpu-alloc: [0] 0 1 2 3 [0] 4 5 - - 
Oct 15 15:51:56 titusbiluta-VirtualBox kernel: [    0.024764] kvm-guest: PV spinlocks enabled
Oct 15 15:51:56 titusbiluta-VirtualBox kernel: [    0.024767] PV qspinlock hash table entries: 256 (order: 0, 4096 bytes, linear)
Oct 15 15:51:56 titusbiluta-VirtualBox kernel: [    0.024774] Kernel command line: BOOT_IMAGE=/boot/vmlinuz-6.8.0-45-generic root=UUID=58754d9a-cc3f-46cc-b069-048f272f6476 ro quiet splash
Oct 15 15:51:56 titusbiluta-VirtualBox kernel: [    0.024821] Unknown kernel command line parameters "splash BOOT_IMAGE=/boot/vmlinuz-6.8.0-45-generic", will be passed to user space.
Oct 15 15:51:56 titusbiluta-VirtualBox kernel: [    0.024841] random: crng init done
Oct 15 15:51:56 titusbiluta-VirtualBox kernel: [    0.026123] Dentry cache hash table entries: 2097152 (order: 12, 16777216 bytes, linear)
Oct 15 15:51:56 titusbiluta-VirtualBox kernel: [    0.026811] Inode-cache hash table entries: 1048576 (order: 11, 8388608 bytes, linear)
Oct 15 15:51:56 titusbiluta-VirtualBox kernel: [    0.026928] Fallback order for Node 0: 0 
Oct 15 15:51:56 titusbiluta-VirtualBox kernel: [    0.026932] Built 1 zonelists, mobility grouping on.  Total pages: 3096304
Oct 15 15:51:56 titusbiluta-VirtualBox kernel: [    0.026933] Policy zone: Normal
Oct 15 15:51:56 titusbiluta-VirtualBox kernel: [    0.026939] mem auto-init: stack:all(zero), heap alloc:on, heap free:off
Oct 15 15:51:56 titusbiluta-VirtualBox kernel: [    0.026944] software IO TLB: area num 8.
Oct 15 15:51:56 titusbiluta-VirtualBox kernel: [    0.058263] Memory: 12170112K/12582456K available (22528K kernel code, 4438K rwdata, 13892K rodata, 4972K init, 4740K bss, 412084K reserved, 0K cma-reserved)
Oct 15 15:51:56 titusbiluta-VirtualBox kernel: [    0.058990] SLUB: HWalign=64, Order=0-3, MinObjects=0, CPUs=6, Nodes=1
Oct 15 15:51:56 titusbiluta-VirtualBox kernel: [    0.059029] ftrace: allocating 57895 entries in 227 pages
Oct 15 15:51:56 titusbiluta-VirtualBox kernel: [    0.069822] ftrace: allocated 227 pages with 5 groups
Oct 15 15:51:56 titusbiluta-VirtualBox kernel: [    0.070669] Dynamic Preempt: voluntary
Oct 15 15:51:56 titusbiluta-VirtualBox kernel: [    0.070731] rcu: Preemptible hierarchical RCU implementation.
Oct 15 15:51:56 titusbiluta-VirtualBox kernel: [    0.070732] rcu: 	RCU restricting CPUs from NR_CPUS=8192 to nr_cpu_ids=6.
Oct 15 15:51:56 titusbiluta-VirtualBox kernel: [    0.070733] 	Trampoline variant of Tasks RCU enabled.
Oct 15 15:51:56 titusbiluta-VirtualBox kernel: [    0.070733] 	Rude variant of Tasks RCU enabled.
Oct 15 15:51:56 titusbiluta-VirtualBox kernel: [    0.070734] 	Tracing variant of Tasks RCU enabled.
Oct 15 15:51:56 titusbiluta-VirtualBox kernel: [    0.070734] rcu: RCU calculated value of scheduler-enlistment delay is 100 jiffies.
Oct 15 15:51:56 titusbiluta-VirtualBox kernel: [    0.070735] rcu: Adjusting geometry for rcu_fanout_leaf=16, nr_cpu_ids=6
Oct 15 15:51:56 titusbiluta-VirtualBox kernel: [    0.072570] NR_IRQS: 524544, nr_irqs: 472, preallocated irqs: 16
Oct 15 15:51:56 titusbiluta-VirtualBox kernel: [    0.072829] rcu: srcu_init: Setting srcu_struct sizes based on contention.
Oct 15 15:51:56 titusbiluta-VirtualBox kernel: [    0.099901] Console: colour VGA+ 80x25
Oct 15 15:51:56 titusbiluta-VirtualBox kernel: [    0.099904] printk: legacy console [tty0] enabled
Oct 15 15:51:56 titusbiluta-VirtualBox kernel: [    0.099933] ACPI: Core revision 20230628
Oct 15 15:51:56 titusbiluta-VirtualBox kernel: [    0.101275] APIC: Switch to symmetric I/O mode setup
Oct 15 15:51:56 titusbiluta-VirtualBox kernel: [    0.111504] ..TIMER: vector=0x30 apic1=0 pin1=2 apic2=-1 pin2=-1
Oct 15 15:51:56 titusbiluta-VirtualBox kernel: [    0.111636] clocksource: tsc-early: mask: 0xffffffffffffffff max_cycles: 0x2e09d287fb1, max_idle_ns: 440795225910 ns
Oct 15 15:51:56 titusbiluta-VirtualBox kernel: [    0.111643] Calibrating delay loop (skipped) preset value.. 6387.82 BogoMIPS (lpj=3193912)
Oct 15 15:51:56 titusbiluta-VirtualBox kernel: [    0.112469] Last level iTLB entries: 4KB 512, 2MB 512, 4MB 256
Oct 15 15:51:56 titusbiluta-VirtualBox kernel: [    0.112471] Last level dTLB entries: 4KB 2048, 2MB 2048, 4MB 1024, 1GB 0
Oct 15 15:51:56 titusbiluta-VirtualBox kernel: [    0.112474] Spectre V1 : Mitigation: usercopy/swapgs barriers and __user pointer sanitization
Oct 15 15:51:56 titusbiluta-VirtualBox kernel: [    0.112476] Spectre V2 : Mitigation: Retpolines
Oct 15 15:51:56 titusbiluta-VirtualBox kernel: [    0.112476] Spectre V2 : Spectre v2 / SpectreRSB mitigation: Filling RSB on context switch
Oct 15 15:51:56 titusbiluta-VirtualBox kernel: [    0.112477] Spectre V2 : Spectre v2 / SpectreRSB : Filling RSB on VMEXIT
Oct 15 15:51:56 titusbiluta-VirtualBox kernel: [    0.112478] Speculative Return Stack Overflow: IBPB-extending microcode not applied!
Oct 15 15:51:56 titusbiluta-VirtualBox kernel: [    0.112479] Speculative Return Stack Overflow: WARNING: See https://kernel.org/doc/html/latest/admin-guide/hw-vuln/srso.html for mitigation options.
Oct 15 15:51:56 titusbiluta-VirtualBox kernel: [    0.112480] Speculative Return Stack Overflow: Vulnerable: Safe RET, no microcode
Oct 15 15:51:56 titusbiluta-VirtualBox kernel: [    0.112482] x86/fpu: x87 FPU will use FXSAVE
Oct 15 15:51:56 titusbiluta-VirtualBox kernel: [    0.124837] Freeing SMP alternatives memory: 48K
Oct 15 15:51:56 titusbiluta-VirtualBox kernel: [    0.124843] pid_max: default: 32768 minimum: 301
Oct 15 15:51:56 titusbiluta-VirtualBox kernel: [    0.124902] LSM: initializing lsm=lockdown,capability,landlock,yama,apparmor,integrity
Oct 15 15:51:56 titusbiluta-VirtualBox kernel: [    0.124922] landlock: Up and running.
Oct 15 15:51:56 titusbiluta-VirtualBox kernel: [    0.124923] Yama: becoming mindful.
Oct 15 15:51:56 titusbiluta-VirtualBox kernel: [    0.124957] AppArmor: AppArmor initialized
Oct 15 15:51:56 titusbiluta-VirtualBox kernel: [    0.125055] Mount-cache hash table entries: 32768 (order: 6, 262144 bytes, linear)
Oct 15 15:51:56 titusbiluta-VirtualBox kernel: [    0.125070] Mountpoint-cache hash table entries: 32768 (order: 6, 262144 bytes, linear)
Oct 15 15:51:56 titusbiluta-VirtualBox kernel: [    0.227855] smpboot: CPU0: AMD Ryzen 7 5800H with Radeon Graphics (family: 0x19, model: 0x50, stepping: 0x0)
Oct 15 15:51:56 titusbiluta-VirtualBox kernel: [    0.228177] RCU Tasks: Setting shift to 3 and lim to 1 rcu_task_cb_adjust=1.
Oct 15 15:51:56 titusbiluta-VirtualBox kernel: [    0.228201] RCU Tasks Rude: Setting shift to 3 and lim to 1 rcu_task_cb_adjust=1.
Oct 15 15:51:56 titusbiluta-VirtualBox kernel: [    0.228230] RCU Tasks Trace: Setting shift to 3 and lim to 1 rcu_task_cb_adjust=1.
Oct 15 15:51:56 titusbiluta-VirtualBox kernel: [    0.228252] Performance Events: PMU not available due to virtualization, using software events only.
Oct 15 15:51:56 titusbiluta-VirtualBox kernel: [    0.228432] signal: max sigframe size: 1440
Oct 15 15:51:56 titusbiluta-VirtualBox kernel: [    0.228504] rcu: Hierarchical SRCU implementation.
Oct 15 15:51:56 titusbiluta-VirtualBox kernel: [    0.228507] rcu: 	Max phase no-delay instances is 400.
Oct 15 15:51:56 titusbiluta-VirtualBox kernel: [    0.231095] NMI watchdog: Perf NMI watchdog permanently disabled
Oct 15 15:51:56 titusbiluta-VirtualBox kernel: [    0.231170] smp: Bringing up secondary CPUs ...
Oct 15 15:51:56 titusbiluta-VirtualBox kernel: [    0.231295] smpboot: x86: Booting SMP configuration:
Oct 15 15:51:56 titusbiluta-VirtualBox kernel: [    0.231297] .... node  #0, CPUs:      #1 #2 #3 #4 #5
Oct 15 15:51:56 titusbiluta-VirtualBox kernel: [    0.235640] TSC synchronization [CPU#0 -> CPU#1]:
Oct 15 15:51:56 titusbiluta-VirtualBox kernel: [    0.235640] Measured 95843 cycles TSC warp between CPUs, turning off TSC clock.
Oct 15 15:51:56 titusbiluta-VirtualBox kernel: [    0.235640] tsc: Marking TSC unstable due to check_tsc_sync_source failed
Oct 15 15:51:56 titusbiluta-VirtualBox kernel: [    0.242775] smp: Brought up 1 node, 6 CPUs
Oct 15 15:51:56 titusbiluta-VirtualBox kernel: [    0.242779] smpboot: Max logical packages: 1
Oct 15 15:51:56 titusbiluta-VirtualBox kernel: [    0.242782] smpboot: Total of 6 processors activated (38326.94 BogoMIPS)
Oct 15 15:51:56 titusbiluta-VirtualBox kernel: [    0.244645] devtmpfs: initialized
Oct 15 15:51:56 titusbiluta-VirtualBox kernel: [    0.244705] x86/mm: Memory block size: 128MB
Oct 15 15:51:56 titusbiluta-VirtualBox kernel: [    0.245850] clocksource: jiffies: mask: 0xffffffff max_cycles: 0xffffffff, max_idle_ns: 1911260446275000 ns
Oct 15 15:51:56 titusbiluta-VirtualBox kernel: [    0.245867] futex hash table entries: 2048 (order: 5, 131072 bytes, linear)
Oct 15 15:51:56 titusbiluta-VirtualBox kernel: [    0.245944] pinctrl core: initialized pinctrl subsystem
Oct 15 15:51:56 titusbiluta-VirtualBox kernel: [    0.246317] PM: RTC time: 12:51:47, date: 2024-10-15
Oct 15 15:51:56 titusbiluta-VirtualBox kernel: [    0.247777] NET: Registered PF_NETLINK/PF_ROUTE protocol family
Oct 15 15:51:56 titusbiluta-VirtualBox kernel: [    0.248118] DMA: preallocated 2048 KiB GFP_KERNEL pool for atomic allocations
Oct 15 15:51:56 titusbiluta-VirtualBox kernel: [    0.248251] DMA: preallocated 2048 KiB GFP_KERNEL|GFP_DMA pool for atomic allocations
Oct 15 15:51:56 titusbiluta-VirtualBox kernel: [    0.248398] DMA: preallocated 2048 KiB GFP_KERNEL|GFP_DMA32 pool for atomic allocations
Oct 15 15:51:56 titusbiluta-VirtualBox kernel: [    0.248413] audit: initializing netlink subsys (disabled)
Oct 15 15:51:56 titusbiluta-VirtualBox kernel: [    0.248715] audit: type=2000 audit(1728997786.190:1): state=initialized audit_enabled=0 res=1
Oct 15 15:51:56 titusbiluta-VirtualBox kernel: [    0.248895] thermal_sys: Registered thermal governor 'fair_share'
Oct 15 15:51:56 titusbiluta-VirtualBox kernel: [    0.248897] thermal_sys: Registered thermal governor 'bang_bang'
Oct 15 15:51:56 titusbiluta-VirtualBox kernel: [    0.248899] thermal_sys: Registered thermal governor 'step_wise'
Oct 15 15:51:56 titusbiluta-VirtualBox kernel: [    0.248901] thermal_sys: Registered thermal governor 'user_space'
Oct 15 15:51:56 titusbiluta-VirtualBox kernel: [    0.248902] thermal_sys: Registered thermal governor 'power_allocator'
Oct 15 15:51:56 titusbiluta-VirtualBox kernel: [    0.248913] EISA bus registered
Oct 15 15:51:56 titusbiluta-VirtualBox kernel: [    0.248927] cpuidle: using governor ladder
Oct 15 15:51:56 titusbiluta-VirtualBox kernel: [    0.248933] cpuidle: using governor menu
Oct 15 15:51:56 titusbiluta-VirtualBox kernel: [    0.249781] acpiphp: ACPI Hot Plug PCI Controller Driver version: 0.5
Oct 15 15:51:56 titusbiluta-VirtualBox kernel: [    0.250051] PCI: Using configuration type 1 for base access
Oct 15 15:51:56 titusbiluta-VirtualBox kernel: [    0.250053] PCI: Using configuration type 1 for extended access
Oct 15 15:51:56 titusbiluta-VirtualBox kernel: [    0.250125] mtrr: your CPUs had inconsistent variable MTRR settings
Oct 15 15:51:56 titusbiluta-VirtualBox kernel: [    0.250126] mtrr: probably your BIOS does not setup all CPUs.
Oct 15 15:51:56 titusbiluta-VirtualBox kernel: [    0.250127] mtrr: corrected configuration.
Oct 15 15:51:56 titusbiluta-VirtualBox kernel: [    0.252686] kprobes: kprobe jump-optimization is enabled. All kprobes are optimized if possible.
Oct 15 15:51:56 titusbiluta-VirtualBox kernel: [    0.254265] HugeTLB: registered 2.00 MiB page size, pre-allocated 0 pages
Oct 15 15:51:56 titusbiluta-VirtualBox kernel: [    0.254268] HugeTLB: 28 KiB vmemmap can be freed for a 2.00 MiB page
Oct 15 15:51:56 titusbiluta-VirtualBox kernel: [    0.254880] ACPI: Added _OSI(Module Device)
Oct 15 15:51:56 titusbiluta-VirtualBox kernel: [    0.254880] ACPI: Added _OSI(Processor Device)
Oct 15 15:51:56 titusbiluta-VirtualBox kernel: [    0.254880] ACPI: Added _OSI(3.0 _SCP Extensions)
Oct 15 15:51:56 titusbiluta-VirtualBox kernel: [    0.254880] ACPI: Added _OSI(Processor Aggregator Device)
Oct 15 15:51:56 titusbiluta-VirtualBox kernel: [    0.255640] ACPI: 2 ACPI AML tables successfully acquired and loaded
Oct 15 15:51:56 titusbiluta-VirtualBox kernel: [    0.262711] ACPI: _OSC evaluation for CPUs failed, trying _PDC
Oct 15 15:51:56 titusbiluta-VirtualBox kernel: [    0.262940] ACPI: Interpreter enabled
Oct 15 15:51:56 titusbiluta-VirtualBox kernel: [    0.262954] ACPI: PM: (supports S0 S5)
Oct 15 15:51:56 titusbiluta-VirtualBox kernel: [    0.262956] ACPI: Using IOAPIC for interrupt routing
Oct 15 15:51:56 titusbiluta-VirtualBox kernel: [    0.264016] PCI: Using host bridge windows from ACPI; if necessary, use "pci=nocrs" and report a bug
Oct 15 15:51:56 titusbiluta-VirtualBox kernel: [    0.264019] PCI: Using E820 reservations for host bridge windows
Oct 15 15:51:56 titusbiluta-VirtualBox kernel: [    0.264265] ACPI: Enabled 2 GPEs in block 00 to 07
Oct 15 15:51:56 titusbiluta-VirtualBox kernel: [    0.279673] ACPI: PCI Root Bridge [PCI0] (domain 0000 [bus 00-ff])
Oct 15 15:51:56 titusbiluta-VirtualBox kernel: [    0.279682] acpi PNP0A03:00: _OSC: OS supports [ExtendedConfig ASPM ClockPM Segments MSI EDR HPX-Type3]
Oct 15 15:51:56 titusbiluta-VirtualBox kernel: [    0.281011] acpi PNP0A03:00: _OSC: platform does not support [PCIeCapability LTR DPC]
Oct 15 15:51:56 titusbiluta-VirtualBox kernel: [    0.282333] acpi PNP0A03:00: _OSC: not requesting control; platform does not support [PCIeCapability]
Oct 15 15:51:56 titusbiluta-VirtualBox kernel: [    0.282337] acpi PNP0A03:00: _OSC: OS requested [PCIeHotplug SHPCHotplug PME AER PCIeCapability LTR DPC]
Oct 15 15:51:56 titusbiluta-VirtualBox kernel: [    0.282339] acpi PNP0A03:00: _OSC: platform willing to grant [PCIeHotplug SHPCHotplug PME AER]
Oct 15 15:51:56 titusbiluta-VirtualBox kernel: [    0.282341] acpi PNP0A03:00: _OSC: platform retains control of PCIe features (AE_SUPPORT)
Oct 15 15:51:56 titusbiluta-VirtualBox kernel: [    0.283195] PCI host bridge to bus 0000:00
Oct 15 15:51:56 titusbiluta-VirtualBox kernel: [    0.283198] pci_bus 0000:00: root bus resource [io  0x0000-0x0cf7 window]
Oct 15 15:51:56 titusbiluta-VirtualBox kernel: [    0.283201] pci_bus 0000:00: root bus resource [io  0x0d00-0xffff window]
Oct 15 15:51:56 titusbiluta-VirtualBox kernel: [    0.283203] pci_bus 0000:00: root bus resource [mem 0x000a0000-0x000bffff window]
Oct 15 15:51:56 titusbiluta-VirtualBox kernel: [    0.283204] pci_bus 0000:00: root bus resource [mem 0xe0000000-0xfdffffff window]
Oct 15 15:51:56 titusbiluta-VirtualBox kernel: [    0.283208] pci_bus 0000:00: root bus resource [bus 00-ff]
Oct 15 15:51:56 titusbiluta-VirtualBox kernel: [    0.284144] pci 0000:00:00.0: [8086:1237] type 00 class 0x060000 conventional PCI endpoint
Oct 15 15:51:56 titusbiluta-VirtualBox kernel: [    0.285710] pci 0000:00:01.0: [8086:7000] type 00 class 0x060100 conventional PCI endpoint
Oct 15 15:51:56 titusbiluta-VirtualBox kernel: [    0.287708] pci 0000:00:01.1: [8086:7111] type 00 class 0x01018a conventional PCI endpoint
Oct 15 15:51:56 titusbiluta-VirtualBox kernel: [    0.288719] pci 0000:00:01.1: BAR 4 [io  0xd000-0xd00f]
Oct 15 15:51:56 titusbiluta-VirtualBox kernel: [    0.288980] pci 0000:00:01.1: BAR 0 [io  0x01f0-0x01f7]: legacy IDE quirk
Oct 15 15:51:56 titusbiluta-VirtualBox kernel: [    0.288983] pci 0000:00:01.1: BAR 1 [io  0x03f6]: legacy IDE quirk
Oct 15 15:51:56 titusbiluta-VirtualBox kernel: [    0.288984] pci 0000:00:01.1: BAR 2 [io  0x0170-0x0177]: legacy IDE quirk
Oct 15 15:51:56 titusbiluta-VirtualBox kernel: [    0.288986] pci 0000:00:01.1: BAR 3 [io  0x0376]: legacy IDE quirk
Oct 15 15:51:56 titusbiluta-VirtualBox kernel: [    0.289709] pci 0000:00:02.0: [15ad:0405] type 00 class 0x030000 conventional PCI endpoint
Oct 15 15:51:56 titusbiluta-VirtualBox kernel: [    0.290642] pci 0000:00:02.0: BAR 0 [io  0xd010-0xd01f]
Oct 15 15:51:56 titusbiluta-VirtualBox kernel: [    0.291351] pci 0000:00:02.0: BAR 1 [mem 0xe0000000-0xe0ffffff pref]
Oct 15 15:51:56 titusbiluta-VirtualBox kernel: [    0.292027] pci 0000:00:02.0: BAR 2 [mem 0xf0000000-0xf01fffff]
Oct 15 15:51:56 titusbiluta-VirtualBox kernel: [    0.295226] pci 0000:00:02.0: Video device with shadowed ROM at [mem 0x000c0000-0x000dffff]
Oct 15 15:51:56 titusbiluta-VirtualBox kernel: [    0.296099] pci 0000:00:03.0: [8086:100e] type 00 class 0x020000 conventional PCI endpoint
Oct 15 15:51:56 titusbiluta-VirtualBox kernel: [    0.296711] pci 0000:00:03.0: BAR 0 [mem 0xf0200000-0xf021ffff]
Oct 15 15:51:56 titusbiluta-VirtualBox kernel: [    0.296965] pci 0000:00:03.0: BAR 2 [io  0xd020-0xd027]
Oct 15 15:51:56 titusbiluta-VirtualBox kernel: [    0.298910] pci 0000:00:04.0: [80ee:cafe] type 00 class 0x088000 conventional PCI endpoint
Oct 15 15:51:56 titusbiluta-VirtualBox kernel: [    0.299315] pci 0000:00:04.0: BAR 0 [io  0xd040-0xd05f]
Oct 15 15:51:56 titusbiluta-VirtualBox kernel: [    0.299905] pci 0000:00:04.0: BAR 1 [mem 0xf0400000-0xf07fffff]
Oct 15 15:51:56 titusbiluta-VirtualBox kernel: [    0.300275] pci 0000:00:04.0: BAR 2 [mem 0xf0800000-0xf0803fff pref]
Oct 15 15:51:56 titusbiluta-VirtualBox kernel: [    0.302709] pci 0000:00:05.0: [8086:2415] type 00 class 0x040100 conventional PCI endpoint
Oct 15 15:51:56 titusbiluta-VirtualBox kernel: [    0.302911] pci 0000:00:05.0: BAR 0 [io  0xd100-0xd1ff]
Oct 15 15:51:56 titusbiluta-VirtualBox kernel: [    0.303021] pci 0000:00:05.0: BAR 1 [io  0xd200-0xd23f]
Oct 15 15:51:56 titusbiluta-VirtualBox kernel: [    0.304642] pci 0000:00:06.0: [106b:003f] type 00 class 0x0c0310 conventional PCI endpoint
Oct 15 15:51:56 titusbiluta-VirtualBox kernel: [    0.304865] pci 0000:00:06.0: BAR 0 [mem 0xf0804000-0xf0804fff]
Oct 15 15:51:56 titusbiluta-VirtualBox kernel: [    0.306802] pci 0000:00:07.0: [8086:7113] type 00 class 0x068000 conventional PCI endpoint
Oct 15 15:51:56 titusbiluta-VirtualBox kernel: [    0.307862] pci 0000:00:07.0: quirk: [io  0x4000-0x403f] claimed by PIIX4 ACPI
Oct 15 15:51:56 titusbiluta-VirtualBox kernel: [    0.307880] pci 0000:00:07.0: quirk: [io  0x4100-0x410f] claimed by PIIX4 SMB
Oct 15 15:51:56 titusbiluta-VirtualBox kernel: [    0.324120] pci 0000:00:0b.0: [8086:265c] type 00 class 0x0c0320 conventional PCI endpoint
Oct 15 15:51:56 titusbiluta-VirtualBox kernel: [    0.324709] pci 0000:00:0b.0: BAR 0 [mem 0xf0805000-0xf0805fff]
Oct 15 15:51:56 titusbiluta-VirtualBox kernel: [    0.331783] pci 0000:00:0d.0: [8086:2829] type 00 class 0x010601 conventional PCI endpoint
Oct 15 15:51:56 titusbiluta-VirtualBox kernel: [    0.332006] pci 0000:00:0d.0: BAR 0 [io  0xd240-0xd247]
Oct 15 15:51:56 titusbiluta-VirtualBox kernel: [    0.332183] pci 0000:00:0d.0: BAR 1 [io  0xd248-0xd24b]
Oct 15 15:51:56 titusbiluta-VirtualBox kernel: [    0.332664] pci 0000:00:0d.0: BAR 2 [io  0xd250-0xd257]
Oct 15 15:51:56 titusbiluta-VirtualBox kernel: [    0.332792] pci 0000:00:0d.0: BAR 3 [io  0xd258-0xd25b]
Oct 15 15:51:56 titusbiluta-VirtualBox kernel: [    0.332918] pci 0000:00:0d.0: BAR 4 [io  0xd260-0xd26f]
Oct 15 15:51:56 titusbiluta-VirtualBox kernel: [    0.333045] pci 0000:00:0d.0: BAR 5 [mem 0xf0806000-0xf0807fff]
Oct 15 15:51:56 titusbiluta-VirtualBox kernel: [    0.419978] ACPI: PCI: Interrupt link LNKA configured for IRQ 11
Oct 15 15:51:56 titusbiluta-VirtualBox kernel: [    0.420671] ACPI: PCI: Interrupt link LNKB configured for IRQ 10
Oct 15 15:51:56 titusbiluta-VirtualBox kernel: [    0.420844] ACPI: PCI: Interrupt link LNKC configured for IRQ 9
Oct 15 15:51:56 titusbiluta-VirtualBox kernel: [    0.421047] ACPI: PCI: Interrupt link LNKD configured for IRQ 11
Oct 15 15:51:56 titusbiluta-VirtualBox kernel: [    0.421738] iommu: Default domain type: Translated
Oct 15 15:51:56 titusbiluta-VirtualBox kernel: [    0.421738] iommu: DMA domain TLB invalidation policy: lazy mode
Oct 15 15:51:56 titusbiluta-VirtualBox kernel: [    0.422001] SCSI subsystem initialized
Oct 15 15:51:56 titusbiluta-VirtualBox kernel: [    0.422093] libata version 3.00 loaded.
Oct 15 15:51:56 titusbiluta-VirtualBox kernel: [    0.422093] ACPI: bus type USB registered
Oct 15 15:51:56 titusbiluta-VirtualBox kernel: [    0.422093] usbcore: registered new interface driver usbfs
Oct 15 15:51:56 titusbiluta-VirtualBox kernel: [    0.422093] usbcore: registered new interface driver hub
Oct 15 15:51:56 titusbiluta-VirtualBox kernel: [    0.422093] usbcore: registered new device driver usb
Oct 15 15:51:56 titusbiluta-VirtualBox kernel: [    0.422093] pps_core: LinuxPPS API ver. 1 registered
Oct 15 15:51:56 titusbiluta-VirtualBox kernel: [    0.422093] pps_core: Software ver. 5.3.6 - Copyright 2005-2007 Rodolfo Giometti <giometti@linux.it>
Oct 15 15:51:56 titusbiluta-VirtualBox kernel: [    0.422093] PTP clock support registered
Oct 15 15:51:56 titusbiluta-VirtualBox kernel: [    0.422859] EDAC MC: Ver: 3.0.0
Oct 15 15:51:56 titusbiluta-VirtualBox kernel: [    0.424988] NetLabel: Initializing
Oct 15 15:51:56 titusbiluta-VirtualBox kernel: [    0.424990] NetLabel:  domain hash size = 128
Oct 15 15:51:56 titusbiluta-VirtualBox kernel: [    0.424992] NetLabel:  protocols = UNLABELED CIPSOv4 CALIPSO
Oct 15 15:51:56 titusbiluta-VirtualBox kernel: [    0.425016] NetLabel:  unlabeled traffic allowed by default
Oct 15 15:51:56 titusbiluta-VirtualBox kernel: [    0.425716] mctp: management component transport protocol core
Oct 15 15:51:56 titusbiluta-VirtualBox kernel: [    0.425716] NET: Registered PF_MCTP protocol family
Oct 15 15:51:56 titusbiluta-VirtualBox kernel: [    0.425716] PCI: Using ACPI for IRQ routing
Oct 15 15:51:56 titusbiluta-VirtualBox kernel: [    0.425716] PCI: pci_cache_line_size set to 64 bytes
Oct 15 15:51:56 titusbiluta-VirtualBox kernel: [    0.426154] e820: reserve RAM buffer [mem 0x0009fc00-0x0009ffff]
Oct 15 15:51:56 titusbiluta-VirtualBox kernel: [    0.426157] e820: reserve RAM buffer [mem 0xdfff0000-0xdfffffff]
Oct 15 15:51:56 titusbiluta-VirtualBox kernel: [    0.426676] pci 0000:00:02.0: vgaarb: setting as boot VGA device
Oct 15 15:51:56 titusbiluta-VirtualBox kernel: [    0.426680] pci 0000:00:02.0: vgaarb: bridge control possible
Oct 15 15:51:56 titusbiluta-VirtualBox kernel: [    0.426682] pci 0000:00:02.0: vgaarb: VGA device added: decodes=io+mem,owns=io+mem,locks=none
Oct 15 15:51:56 titusbiluta-VirtualBox kernel: [    0.426687] vgaarb: loaded
Oct 15 15:51:56 titusbiluta-VirtualBox kernel: [    0.427138] clocksource: Switched to clocksource kvm-clock
Oct 15 15:51:56 titusbiluta-VirtualBox kernel: [    0.428726] VFS: Disk quotas dquot_6.6.0
Oct 15 15:51:56 titusbiluta-VirtualBox kernel: [    0.428742] VFS: Dquot-cache hash table entries: 512 (order 0, 4096 bytes)
Oct 15 15:51:56 titusbiluta-VirtualBox kernel: [    0.428895] AppArmor: AppArmor Filesystem Enabled
Oct 15 15:51:56 titusbiluta-VirtualBox kernel: [    0.428895] pnp: PnP ACPI init
Oct 15 15:51:56 titusbiluta-VirtualBox kernel: [    0.431133] pnp: PnP ACPI: found 2 devices
Oct 15 15:51:56 titusbiluta-VirtualBox kernel: [    0.459814] clocksource: acpi_pm: mask: 0xffffff max_cycles: 0xffffff, max_idle_ns: 2085701024 ns
Oct 15 15:51:56 titusbiluta-VirtualBox kernel: [    0.459881] NET: Registered PF_INET protocol family
Oct 15 15:51:56 titusbiluta-VirtualBox kernel: [    0.460223] IP idents hash table entries: 262144 (order: 9, 2097152 bytes, linear)
Oct 15 15:51:56 titusbiluta-VirtualBox kernel: [    0.468441] tcp_listen_portaddr_hash hash table entries: 8192 (order: 5, 131072 bytes, linear)
Oct 15 15:51:56 titusbiluta-VirtualBox kernel: [    0.468441] Table-perturb hash table entries: 65536 (order: 6, 262144 bytes, linear)
Oct 15 15:51:56 titusbiluta-VirtualBox kernel: [    0.468441] TCP established hash table entries: 131072 (order: 8, 1048576 bytes, linear)
Oct 15 15:51:56 titusbiluta-VirtualBox kernel: [    0.468441] TCP bind hash table entries: 65536 (order: 9, 2097152 bytes, linear)
Oct 15 15:51:56 titusbiluta-VirtualBox kernel: [    0.468441] TCP: Hash tables configured (established 131072 bind 65536)
Oct 15 15:51:56 titusbiluta-VirtualBox kernel: [    0.468441] MPTCP token hash table entries: 16384 (order: 6, 393216 bytes, linear)
Oct 15 15:51:56 titusbiluta-VirtualBox kernel: [    0.468441] UDP hash table entries: 8192 (order: 6, 262144 bytes, linear)
Oct 15 15:51:56 titusbiluta-VirtualBox kernel: [    0.468441] UDP-Lite hash table entries: 8192 (order: 6, 262144 bytes, linear)
Oct 15 15:51:56 titusbiluta-VirtualBox kernel: [    0.468441] NET: Registered PF_UNIX/PF_LOCAL protocol family
Oct 15 15:51:56 titusbiluta-VirtualBox kernel: [    0.468441] NET: Registered PF_XDP protocol family
Oct 15 15:51:56 titusbiluta-VirtualBox kernel: [    0.468441] pci_bus 0000:00: resource 4 [io  0x0000-0x0cf7 window]
Oct 15 15:51:56 titusbiluta-VirtualBox kernel: [    0.468441] pci_bus 0000:00: resource 5 [io  0x0d00-0xffff window]
Oct 15 15:51:56 titusbiluta-VirtualBox kernel: [    0.468441] pci_bus 0000:00: resource 6 [mem 0x000a0000-0x000bffff window]
Oct 15 15:51:56 titusbiluta-VirtualBox kernel: [    0.468441] pci_bus 0000:00: resource 7 [mem 0xe0000000-0xfdffffff window]
Oct 15 15:51:56 titusbiluta-VirtualBox kernel: [    0.474648] pci 0000:00:00.0: Limiting direct PCI/PCI transfers
Oct 15 15:51:56 titusbiluta-VirtualBox kernel: [    0.479724] PCI: CLS 0 bytes, default 64
Oct 15 15:51:56 titusbiluta-VirtualBox kernel: [    0.479870] PCI-DMA: Using software bounce buffering for IO (SWIOTLB)
Oct 15 15:51:56 titusbiluta-VirtualBox kernel: [    0.479872] software IO TLB: mapped [mem 0x00000000dbff0000-0x00000000dfff0000] (64MB)
Oct 15 15:51:56 titusbiluta-VirtualBox kernel: [    0.479950] platform rtc_cmos: registered platform RTC device (no PNP device found)
Oct 15 15:51:56 titusbiluta-VirtualBox kernel: [    0.480003] Trying to unpack rootfs image as initramfs...
Oct 15 15:51:56 titusbiluta-VirtualBox kernel: [    0.480738] Initialise system trusted keyrings
Oct 15 15:51:56 titusbiluta-VirtualBox kernel: [    0.480749] Key type blacklist registered
Oct 15 15:51:56 titusbiluta-VirtualBox kernel: [    0.481533] workingset: timestamp_bits=36 max_order=22 bucket_order=0
Oct 15 15:51:56 titusbiluta-VirtualBox kernel: [    0.481547] zbud: loaded
Oct 15 15:51:56 titusbiluta-VirtualBox kernel: [    0.482269] squashfs: version 4.0 (2009/01/31) Phillip Lougher
Oct 15 15:51:56 titusbiluta-VirtualBox kernel: [    0.483341] fuse: init (API version 7.39)
Oct 15 15:51:56 titusbiluta-VirtualBox kernel: [    0.485030] integrity: Platform Keyring initialized
Oct 15 15:51:56 titusbiluta-VirtualBox kernel: [    0.485035] integrity: Machine keyring initialized
Oct 15 15:51:56 titusbiluta-VirtualBox kernel: [    0.489129] Key type asymmetric registered
Oct 15 15:51:56 titusbiluta-VirtualBox kernel: [    0.489129] Asymmetric key parser 'x509' registered
Oct 15 15:51:56 titusbiluta-VirtualBox kernel: [    0.489129] Block layer SCSI generic (bsg) driver version 0.4 loaded (major 243)
Oct 15 15:51:56 titusbiluta-VirtualBox kernel: [    0.494187] io scheduler mq-deadline registered
Oct 15 15:51:56 titusbiluta-VirtualBox kernel: [    0.496908] shpchp: Standard Hot Plug PCI Controller Driver version: 0.4
Oct 15 15:51:56 titusbiluta-VirtualBox kernel: [    0.497154] ACPI: AC: AC Adapter [AC] (on-line)
Oct 15 15:51:56 titusbiluta-VirtualBox kernel: [    0.497208] input: Power Button as /devices/LNXSYSTM:00/LNXPWRBN:00/input/input0
Oct 15 15:51:56 titusbiluta-VirtualBox kernel: [    0.497772] ACPI: button: Power Button [PWRF]
Oct 15 15:51:56 titusbiluta-VirtualBox kernel: [    0.497819] input: Sleep Button as /devices/LNXSYSTM:00/LNXSLPBN:00/input/input1
Oct 15 15:51:56 titusbiluta-VirtualBox kernel: [    0.497900] ACPI: button: Sleep Button [SLPF]
Oct 15 15:51:56 titusbiluta-VirtualBox kernel: [    0.499577] Serial: 8250/16550 driver, 32 ports, IRQ sharing enabled
Oct 15 15:51:56 titusbiluta-VirtualBox kernel: [    0.500885] ACPI: battery: Slot [BAT0] (battery present)
Oct 15 15:51:56 titusbiluta-VirtualBox kernel: [    0.511884] Linux agpgart interface v0.103
Oct 15 15:51:56 titusbiluta-VirtualBox kernel: [    0.522077] loop: module loaded
Oct 15 15:51:56 titusbiluta-VirtualBox kernel: [    0.522957] ata_piix 0000:00:01.1: version 2.13
Oct 15 15:51:56 titusbiluta-VirtualBox kernel: [    0.525074] scsi host0: ata_piix
Oct 15 15:51:56 titusbiluta-VirtualBox kernel: [    0.526599] scsi host1: ata_piix
Oct 15 15:51:56 titusbiluta-VirtualBox kernel: [    0.526644] ata1: PATA max UDMA/33 cmd 0x1f0 ctl 0x3f6 bmdma 0xd000 irq 14 lpm-pol 0
Oct 15 15:51:56 titusbiluta-VirtualBox kernel: [    0.526646] ata2: PATA max UDMA/33 cmd 0x170 ctl 0x376 bmdma 0xd008 irq 15 lpm-pol 0
Oct 15 15:51:56 titusbiluta-VirtualBox kernel: [    0.526863] ACPI: bus type drm_connector registered
Oct 15 15:51:56 titusbiluta-VirtualBox kernel: [    0.527113] tun: Universal TUN/TAP device driver, 1.6
Oct 15 15:51:56 titusbiluta-VirtualBox kernel: [    0.527433] PPP generic driver version 2.4.2
Oct 15 15:51:56 titusbiluta-VirtualBox kernel: [    0.530015] ohci-pci 0000:00:06.0: OHCI PCI host controller
Oct 15 15:51:56 titusbiluta-VirtualBox kernel: [    0.530023] ohci-pci 0000:00:06.0: new USB bus registered, assigned bus number 1
Oct 15 15:51:56 titusbiluta-VirtualBox kernel: [    0.530342] ohci-pci 0000:00:06.0: irq 22, io mem 0xf0804000
Oct 15 15:51:56 titusbiluta-VirtualBox kernel: [    0.656217] usb usb1: New USB device found, idVendor=1d6b, idProduct=0001, bcdDevice= 6.08
Oct 15 15:51:56 titusbiluta-VirtualBox kernel: [    0.656223] usb usb1: New USB device strings: Mfr=3, Product=2, SerialNumber=1
Oct 15 15:51:56 titusbiluta-VirtualBox kernel: [    0.656225] usb usb1: Product: OHCI PCI host controller
Oct 15 15:51:56 titusbiluta-VirtualBox kernel: [    0.656227] usb usb1: Manufacturer: Linux 6.8.0-45-generic ohci_hcd
Oct 15 15:51:56 titusbiluta-VirtualBox kernel: [    0.656229] usb usb1: SerialNumber: 0000:00:06.0
Oct 15 15:51:56 titusbiluta-VirtualBox kernel: [    0.656730] hub 1-0:1.0: USB hub found
Oct 15 15:51:56 titusbiluta-VirtualBox kernel: [    0.656786] hub 1-0:1.0: 12 ports detected
Oct 15 15:51:56 titusbiluta-VirtualBox kernel: [    0.658001] i8042: PNP: PS/2 Controller [PNP0303:PS2K,PNP0f03:PS2M] at 0x60,0x64 irq 1,12
Oct 15 15:51:56 titusbiluta-VirtualBox kernel: [    0.658006] ehci-pci 0000:00:0b.0: EHCI Host Controller
Oct 15 15:51:56 titusbiluta-VirtualBox kernel: [    0.658020] ehci-pci 0000:00:0b.0: new USB bus registered, assigned bus number 2
Oct 15 15:51:56 titusbiluta-VirtualBox kernel: [    0.659020] ehci-pci 0000:00:0b.0: irq 19, io mem 0xf0805000
Oct 15 15:51:56 titusbiluta-VirtualBox kernel: [    0.660002] serio: i8042 KBD port at 0x60,0x64 irq 1
Oct 15 15:51:56 titusbiluta-VirtualBox kernel: [    0.660011] serio: i8042 AUX port at 0x60,0x64 irq 12
Oct 15 15:51:56 titusbiluta-VirtualBox kernel: [    0.660922] mousedev: PS/2 mouse device common for all mice
Oct 15 15:51:56 titusbiluta-VirtualBox kernel: [    0.663786] rtc_cmos rtc_cmos: registered as rtc0
Oct 15 15:51:56 titusbiluta-VirtualBox kernel: [    0.663979] input: AT Translated Set 2 keyboard as /devices/platform/i8042/serio0/input/input2
Oct 15 15:51:56 titusbiluta-VirtualBox kernel: [    0.663967] rtc_cmos rtc_cmos: setting system clock to 2024-10-15T12:51:47 UTC (1728996707)
Oct 15 15:51:56 titusbiluta-VirtualBox kernel: [    0.664061] rtc_cmos rtc_cmos: alarms up to one day, 114 bytes nvram
Oct 15 15:51:56 titusbiluta-VirtualBox kernel: [    0.664071] i2c_dev: i2c /dev entries driver
Oct 15 15:51:56 titusbiluta-VirtualBox kernel: [    0.664096] device-mapper: core: CONFIG_IMA_DISABLE_HTABLE is disabled. Duplicate IMA measurements will not be recorded in the IMA log.
Oct 15 15:51:56 titusbiluta-VirtualBox kernel: [    0.664111] device-mapper: uevent: version 1.0.3
Oct 15 15:51:56 titusbiluta-VirtualBox kernel: [    0.664225] device-mapper: ioctl: 4.48.0-ioctl (2023-03-01) initialised: dm-devel@redhat.com
Oct 15 15:51:56 titusbiluta-VirtualBox kernel: [    0.664255] platform eisa.0: Probing EISA bus 0
Oct 15 15:51:56 titusbiluta-VirtualBox kernel: [    0.664258] platform eisa.0: EISA: Cannot allocate resource for mainboard
Oct 15 15:51:56 titusbiluta-VirtualBox kernel: [    0.664260] platform eisa.0: Cannot allocate resource for EISA slot 1
Oct 15 15:51:56 titusbiluta-VirtualBox kernel: [    0.664261] platform eisa.0: Cannot allocate resource for EISA slot 2
Oct 15 15:51:56 titusbiluta-VirtualBox kernel: [    0.664263] platform eisa.0: Cannot allocate resource for EISA slot 3
Oct 15 15:51:56 titusbiluta-VirtualBox kernel: [    0.664264] platform eisa.0: Cannot allocate resource for EISA slot 4
Oct 15 15:51:56 titusbiluta-VirtualBox kernel: [    0.664266] platform eisa.0: Cannot allocate resource for EISA slot 5
Oct 15 15:51:56 titusbiluta-VirtualBox kernel: [    0.664267] platform eisa.0: Cannot allocate resource for EISA slot 6
Oct 15 15:51:56 titusbiluta-VirtualBox kernel: [    0.664269] platform eisa.0: Cannot allocate resource for EISA slot 7
Oct 15 15:51:56 titusbiluta-VirtualBox kernel: [    0.664270] platform eisa.0: Cannot allocate resource for EISA slot 8
Oct 15 15:51:56 titusbiluta-VirtualBox kernel: [    0.664272] platform eisa.0: EISA: Detected 0 cards
Oct 15 15:51:56 titusbiluta-VirtualBox kernel: [    0.664274] amd_pstate: the _CPC object is not present in SBIOS or ACPI disabled
Oct 15 15:51:56 titusbiluta-VirtualBox kernel: [    0.665639] ledtrig-cpu: registered to indicate activity on CPUs
Oct 15 15:51:56 titusbiluta-VirtualBox kernel: [    0.665688] ehci-pci 0000:00:0b.0: USB 2.0 started, EHCI 1.00
Oct 15 15:51:56 titusbiluta-VirtualBox kernel: [    0.665713] drop_monitor: Initializing network drop monitor service
Oct 15 15:51:56 titusbiluta-VirtualBox kernel: [    0.665785] usb usb2: New USB device found, idVendor=1d6b, idProduct=0002, bcdDevice= 6.08
Oct 15 15:51:56 titusbiluta-VirtualBox kernel: [    0.665788] usb usb2: New USB device strings: Mfr=3, Product=2, SerialNumber=1
Oct 15 15:51:56 titusbiluta-VirtualBox kernel: [    0.665790] usb usb2: Product: EHCI Host Controller
Oct 15 15:51:56 titusbiluta-VirtualBox kernel: [    0.665792] usb usb2: Manufacturer: Linux 6.8.0-45-generic ehci_hcd
Oct 15 15:51:56 titusbiluta-VirtualBox kernel: [    0.665794] usb usb2: SerialNumber: 0000:00:0b.0
Oct 15 15:51:56 titusbiluta-VirtualBox kernel: [    0.665808] NET: Registered PF_INET6 protocol family
Oct 15 15:51:56 titusbiluta-VirtualBox kernel: [    0.666179] hub 2-0:1.0: USB hub found
Oct 15 15:51:56 titusbiluta-VirtualBox kernel: [    0.666196] hub 2-0:1.0: 12 ports detected
Oct 15 15:51:56 titusbiluta-VirtualBox kernel: [    0.701542] ata2.00: ATAPI: VBOX CD-ROM, 1.0, max UDMA/133
Oct 15 15:51:56 titusbiluta-VirtualBox kernel: [    0.704040] scsi 1:0:0:0: CD-ROM            VBOX     CD-ROM           1.0  PQ: 0 ANSI: 5
Oct 15 15:51:56 titusbiluta-VirtualBox kernel: [    0.738167] sr 1:0:0:0: [sr0] scsi3-mmc drive: 32x/32x xa/form2 tray
Oct 15 15:51:56 titusbiluta-VirtualBox kernel: [    0.738172] cdrom: Uniform CD-ROM driver Revision: 3.20
Oct 15 15:51:56 titusbiluta-VirtualBox kernel: [    0.769884] sr 1:0:0:0: Attached scsi CD-ROM sr0
Oct 15 15:51:56 titusbiluta-VirtualBox kernel: [    0.770292] sr 1:0:0:0: Attached scsi generic sg0 type 5
Oct 15 15:51:56 titusbiluta-VirtualBox kernel: [    0.785516] Freeing initrd memory: 70340K
Oct 15 15:51:56 titusbiluta-VirtualBox kernel: [    0.799514] Segment Routing with IPv6
Oct 15 15:51:56 titusbiluta-VirtualBox kernel: [    0.799532] In-situ OAM (IOAM) with IPv6
Oct 15 15:51:56 titusbiluta-VirtualBox kernel: [    0.799568] NET: Registered PF_PACKET protocol family
Oct 15 15:51:56 titusbiluta-VirtualBox kernel: [    0.799986] Key type dns_resolver registered
Oct 15 15:51:56 titusbiluta-VirtualBox kernel: [    0.801698] IPI shorthand broadcast: enabled
Oct 15 15:51:56 titusbiluta-VirtualBox kernel: [    0.804012] sched_clock: Marking stable (765280218, 38603718)->(794613717, 9270219)
Oct 15 15:51:56 titusbiluta-VirtualBox kernel: [    0.804842] registered taskstats version 1
Oct 15 15:51:56 titusbiluta-VirtualBox kernel: [    0.807453] Loading compiled-in X.509 certificates
Oct 15 15:51:56 titusbiluta-VirtualBox kernel: [    0.808979] Loaded X.509 cert 'Build time autogenerated kernel key: 5a0225f3d6db13897b07b502e78f18651c74c091'
Oct 15 15:51:56 titusbiluta-VirtualBox kernel: [    0.809299] Loaded X.509 cert 'Canonical Ltd. Live Patch Signing: 14df34d1a87cf37625abec039ef2bf521249b969'
Oct 15 15:51:56 titusbiluta-VirtualBox kernel: [    0.809934] Loaded X.509 cert 'Canonical Ltd. Kernel Module Signing: 88f752e560a1e0737e31163a466ad7b70a850c19'
Oct 15 15:51:56 titusbiluta-VirtualBox kernel: [    0.809937] blacklist: Loading compiled-in revocation X.509 certificates
Oct 15 15:51:56 titusbiluta-VirtualBox kernel: [    0.809952] Loaded X.509 cert 'Canonical Ltd. Secure Boot Signing: 61482aa2830d0ab2ad5af10b7250da9033ddcef0'
Oct 15 15:51:56 titusbiluta-VirtualBox kernel: [    0.809965] Loaded X.509 cert 'Canonical Ltd. Secure Boot Signing (2017): 242ade75ac4a15e50d50c84b0d45ff3eae707a03'
Oct 15 15:51:56 titusbiluta-VirtualBox kernel: [    0.809976] Loaded X.509 cert 'Canonical Ltd. Secure Boot Signing (ESM 2018): 365188c1d374d6b07c3c8f240f8ef722433d6a8b'
Oct 15 15:51:56 titusbiluta-VirtualBox kernel: [    0.809987] Loaded X.509 cert 'Canonical Ltd. Secure Boot Signing (2019): c0746fd6c5da3ae827864651ad66ae47fe24b3e8'
Oct 15 15:51:56 titusbiluta-VirtualBox kernel: [    0.809998] Loaded X.509 cert 'Canonical Ltd. Secure Boot Signing (2021 v1): a8d54bbb3825cfb94fa13c9f8a594a195c107b8d'
Oct 15 15:51:56 titusbiluta-VirtualBox kernel: [    0.810009] Loaded X.509 cert 'Canonical Ltd. Secure Boot Signing (2021 v2): 4cf046892d6fd3c9a5b03f98d845f90851dc6a8c'
Oct 15 15:51:56 titusbiluta-VirtualBox kernel: [    0.810022] Loaded X.509 cert 'Canonical Ltd. Secure Boot Signing (2021 v3): 100437bb6de6e469b581e61cd66bce3ef4ed53af'
Oct 15 15:51:56 titusbiluta-VirtualBox kernel: [    0.810033] Loaded X.509 cert 'Canonical Ltd. Secure Boot Signing (Ubuntu Core 2019): c1d57b8f6b743f23ee41f4f7ee292f06eecadfb9'
Oct 15 15:51:56 titusbiluta-VirtualBox kernel: [    0.815943] Key type .fscrypt registered
Oct 15 15:51:56 titusbiluta-VirtualBox kernel: [    0.815946] Key type fscrypt-provisioning registered
Oct 15 15:51:56 titusbiluta-VirtualBox kernel: [    0.846360] Key type encrypted registered
Oct 15 15:51:56 titusbiluta-VirtualBox kernel: [    0.846367] AppArmor: AppArmor sha256 policy hashing enabled
Oct 15 15:51:56 titusbiluta-VirtualBox kernel: [    0.846379] ima: No TPM chip found, activating TPM-bypass!
Oct 15 15:51:56 titusbiluta-VirtualBox kernel: [    0.846383] Loading compiled-in module X.509 certificates
Oct 15 15:51:56 titusbiluta-VirtualBox kernel: [    0.846721] Loaded X.509 cert 'Build time autogenerated kernel key: 5a0225f3d6db13897b07b502e78f18651c74c091'
Oct 15 15:51:56 titusbiluta-VirtualBox kernel: [    0.846723] ima: Allocated hash algorithm: sha256
Oct 15 15:51:56 titusbiluta-VirtualBox kernel: [    0.846734] ima: No architecture policies found
Oct 15 15:51:56 titusbiluta-VirtualBox kernel: [    0.846751] evm: Initialising EVM extended attributes:
Oct 15 15:51:56 titusbiluta-VirtualBox kernel: [    0.846752] evm: security.selinux
Oct 15 15:51:56 titusbiluta-VirtualBox kernel: [    0.846755] evm: security.SMACK64
Oct 15 15:51:56 titusbiluta-VirtualBox kernel: [    0.846756] evm: security.SMACK64EXEC
Oct 15 15:51:56 titusbiluta-VirtualBox kernel: [    0.846757] evm: security.SMACK64TRANSMUTE
Oct 15 15:51:56 titusbiluta-VirtualBox kernel: [    0.846758] evm: security.SMACK64MMAP
Oct 15 15:51:56 titusbiluta-VirtualBox kernel: [    0.846759] evm: security.apparmor
Oct 15 15:51:56 titusbiluta-VirtualBox kernel: [    0.846760] evm: security.ima
Oct 15 15:51:56 titusbiluta-VirtualBox kernel: [    0.846760] evm: security.capability
Oct 15 15:51:56 titusbiluta-VirtualBox kernel: [    0.846762] evm: HMAC attrs: 0x1
Oct 15 15:51:56 titusbiluta-VirtualBox kernel: [    0.847625] PM:   Magic number: 12:762:885
Oct 15 15:51:56 titusbiluta-VirtualBox kernel: [    0.855860] RAS: Correctable Errors collector initialized.
Oct 15 15:51:56 titusbiluta-VirtualBox kernel: [    0.855974] clk: Disabling unused clocks
Oct 15 15:51:56 titusbiluta-VirtualBox kernel: [    0.857867] Freeing unused decrypted memory: 2028K
Oct 15 15:51:56 titusbiluta-VirtualBox kernel: [    0.858985] Freeing unused kernel image (initmem) memory: 4972K
Oct 15 15:51:56 titusbiluta-VirtualBox kernel: [    0.858989] Write protecting the kernel read-only data: 36864k
Oct 15 15:51:56 titusbiluta-VirtualBox kernel: [    0.859863] Freeing unused kernel image (rodata/data gap) memory: 444K
Oct 15 15:51:56 titusbiluta-VirtualBox kernel: [    0.903178] x86/mm: Checked W+X mappings: passed, no W+X pages found.
Oct 15 15:51:56 titusbiluta-VirtualBox kernel: [    0.903184] Run /init as init process
Oct 15 15:51:56 titusbiluta-VirtualBox kernel: [    0.903187]   with arguments:
Oct 15 15:51:56 titusbiluta-VirtualBox kernel: [    0.903188]     /init
Oct 15 15:51:56 titusbiluta-VirtualBox kernel: [    0.903190]     splash
Oct 15 15:51:56 titusbiluta-VirtualBox kernel: [    0.903191]   with environment:
Oct 15 15:51:56 titusbiluta-VirtualBox kernel: [    0.903192]     HOME=/
Oct 15 15:51:56 titusbiluta-VirtualBox kernel: [    0.903193]     TERM=linux
Oct 15 15:51:56 titusbiluta-VirtualBox kernel: [    0.903195]     BOOT_IMAGE=/boot/vmlinuz-6.8.0-45-generic
Oct 15 15:51:56 titusbiluta-VirtualBox kernel: [    0.965706] usb 1-1: new full-speed USB device number 2 using ohci-pci
Oct 15 15:51:56 titusbiluta-VirtualBox kernel: [    1.227563] usb 1-1: New USB device found, idVendor=80ee, idProduct=0021, bcdDevice= 1.00
Oct 15 15:51:56 titusbiluta-VirtualBox kernel: [    1.227571] usb 1-1: New USB device strings: Mfr=1, Product=3, SerialNumber=0
Oct 15 15:51:56 titusbiluta-VirtualBox kernel: [    1.227574] usb 1-1: Product: USB Tablet
Oct 15 15:51:56 titusbiluta-VirtualBox kernel: [    1.227577] usb 1-1: Manufacturer: VirtualBox
Oct 15 15:51:56 titusbiluta-VirtualBox kernel: [    1.237409] hid: raw HID events driver (C) Jiri Kosina
Oct 15 15:51:56 titusbiluta-VirtualBox kernel: [    1.252935] usbcore: registered new interface driver usbhid
Oct 15 15:51:56 titusbiluta-VirtualBox kernel: [    1.252939] usbhid: USB HID core driver
Oct 15 15:51:56 titusbiluta-VirtualBox kernel: [    1.256266] input: VirtualBox USB Tablet as /devices/pci0000:00/0000:00:06.0/usb1/1-1/1-1:1.0/0003:80EE:0021.0001/input/input4
Oct 15 15:51:56 titusbiluta-VirtualBox kernel: [    1.257137] hid-generic 0003:80EE:0021.0001: input,hidraw0: USB HID v1.10 Mouse [VirtualBox USB Tablet] on usb-0000:00:06.0-1/input0
Oct 15 15:51:56 titusbiluta-VirtualBox kernel: [    1.279016] e1000: Intel(R) PRO/1000 Network Driver
Oct 15 15:51:56 titusbiluta-VirtualBox kernel: [    1.279019] e1000: Copyright (c) 1999-2006 Intel Corporation.
Oct 15 15:51:56 titusbiluta-VirtualBox kernel: [    1.285016] ACPI: video: Video Device [GFX0] (multi-head: yes  rom: no  post: no)
Oct 15 15:51:56 titusbiluta-VirtualBox kernel: [    1.307202] input: Video Bus as /devices/LNXSYSTM:00/LNXSYBUS:00/PNP0A03:00/LNXVIDEO:00/input/input5
Oct 15 15:51:56 titusbiluta-VirtualBox kernel: [    1.313992] piix4_smbus 0000:00:07.0: SMBus Host Controller at 0x4100, revision 0
Oct 15 15:51:56 titusbiluta-VirtualBox kernel: [    1.336519] ahci 0000:00:0d.0: version 3.0
Oct 15 15:51:56 titusbiluta-VirtualBox kernel: [    1.339789] ahci 0000:00:0d.0: SSS flag set, parallel bus scan disabled
Oct 15 15:51:56 titusbiluta-VirtualBox kernel: [    1.340221] ahci 0000:00:0d.0: AHCI 0001.0100 32 slots 1 ports 3 Gbps 0x1 impl SATA mode
Oct 15 15:51:56 titusbiluta-VirtualBox kernel: [    1.340226] ahci 0000:00:0d.0: flags: 64bit ncq stag only ccc 
Oct 15 15:51:56 titusbiluta-VirtualBox kernel: [    1.366202] scsi host2: ahci
Oct 15 15:51:56 titusbiluta-VirtualBox kernel: [    1.393186] ata3: SATA max UDMA/133 abar m8192@0xf0806000 port 0xf0806100 irq 21 lpm-pol 0
Oct 15 15:51:56 titusbiluta-VirtualBox kernel: [    1.613680] input: ImExPS/2 Generic Explorer Mouse as /devices/platform/i8042/serio1/input/input6
Oct 15 15:51:56 titusbiluta-VirtualBox kernel: [    1.727153] ata3: SATA link up 3.0 Gbps (SStatus 123 SControl 300)
Oct 15 15:51:56 titusbiluta-VirtualBox kernel: [    1.727516] ata3.00: ATA-6: VBOX HARDDISK, 1.0, max UDMA/133
Oct 15 15:51:56 titusbiluta-VirtualBox kernel: [    1.727521] ata3.00: 104857600 sectors, multi 128: LBA48 NCQ (depth 32)
Oct 15 15:51:56 titusbiluta-VirtualBox kernel: [    1.728163] ata3.00: configured for UDMA/133
Oct 15 15:51:56 titusbiluta-VirtualBox kernel: [    1.728757] scsi 2:0:0:0: Direct-Access     ATA      VBOX HARDDISK    1.0  PQ: 0 ANSI: 5
Oct 15 15:51:56 titusbiluta-VirtualBox kernel: [    1.729744] sd 2:0:0:0: [sda] 104857600 512-byte logical blocks: (53.7 GB/50.0 GiB)
Oct 15 15:51:56 titusbiluta-VirtualBox kernel: [    1.729763] sd 2:0:0:0: [sda] Write Protect is off
Oct 15 15:51:56 titusbiluta-VirtualBox kernel: [    1.729769] sd 2:0:0:0: [sda] Mode Sense: 00 3a 00 00
Oct 15 15:51:56 titusbiluta-VirtualBox kernel: [    1.729784] sd 2:0:0:0: [sda] Write cache: enabled, read cache: enabled, doesn't support DPO or FUA
Oct 15 15:51:56 titusbiluta-VirtualBox kernel: [    1.729838] sd 2:0:0:0: Attached scsi generic sg1 type 0
Oct 15 15:51:56 titusbiluta-VirtualBox kernel: [    1.730063] sd 2:0:0:0: [sda] Preferred minimum I/O size 512 bytes
Oct 15 15:51:56 titusbiluta-VirtualBox kernel: [    1.740010]  sda: sda1 sda2 sda3
Oct 15 15:51:56 titusbiluta-VirtualBox kernel: [    1.740982] sd 2:0:0:0: [sda] Attached SCSI disk
Oct 15 15:51:56 titusbiluta-VirtualBox kernel: [    1.782010] e1000 0000:00:03.0 eth0: (PCI:33MHz:32-bit) 08:00:27:a8:62:d9
Oct 15 15:51:56 titusbiluta-VirtualBox kernel: [    1.782021] e1000 0000:00:03.0 eth0: Intel(R) PRO/1000 Network Connection
Oct 15 15:51:56 titusbiluta-VirtualBox kernel: [    1.801312] e1000 0000:00:03.0 enp0s3: renamed from eth0
Oct 15 15:51:56 titusbiluta-VirtualBox kernel: [    1.959780] EXT4-fs (sda3): mounted filesystem 58754d9a-cc3f-46cc-b069-048f272f6476 ro with ordered data mode. Quota mode: none.
Oct 15 15:51:56 titusbiluta-VirtualBox kernel: [    2.143146] systemd[1]: Inserted module 'autofs4'
Oct 15 15:51:56 titusbiluta-VirtualBox kernel: [    2.170482] systemd[1]: systemd 249.11-0ubuntu3.12 running in system mode (+PAM +AUDIT +SELINUX +APPARMOR +IMA +SMACK +SECCOMP +GCRYPT +GNUTLS +OPENSSL +ACL +BLKID +CURL +ELFUTILS +FIDO2 +IDN2 -IDN +IPTC +KMOD +LIBCRYPTSETUP +LIBFDISK +PCRE2 -PWQUALITY -P11KIT -QRENCODE +BZIP2 +LZ4 +XZ +ZLIB +ZSTD -XKBCOMMON +UTMP +SYSVINIT default-hierarchy=unified)
Oct 15 15:51:56 titusbiluta-VirtualBox kernel: [    2.170511] systemd[1]: Detected virtualization oracle.
Oct 15 15:51:56 titusbiluta-VirtualBox kernel: [    2.170516] systemd[1]: Detected architecture x86-64.
Oct 15 15:51:56 titusbiluta-VirtualBox kernel: [    2.171084] systemd[1]: Hostname set to <titusbiluta-VirtualBox>.
Oct 15 15:51:56 titusbiluta-VirtualBox kernel: [    2.173957] systemd[1]: Initializing machine ID from random generator.
Oct 15 15:51:56 titusbiluta-VirtualBox kernel: [    2.173995] systemd[1]: Installed transient /etc/machine-id file.
Oct 15 15:51:56 titusbiluta-VirtualBox kernel: [    2.268522] block sda: the capability attribute has been deprecated.
Oct 15 15:51:56 titusbiluta-VirtualBox kernel: [    2.335479] systemd[1]: Configuration file /run/systemd/system/netplan-ovs-cleanup.service is marked world-inaccessible. This has no effect as configuration data is accessible via APIs without restrictions. Proceeding anyway.
Oct 15 15:51:56 titusbiluta-VirtualBox kernel: [    2.457636] systemd[1]: Queued start job for default target Graphical Interface.
Oct 15 15:51:56 titusbiluta-VirtualBox kernel: [    2.473369] systemd[1]: Created slice Slice /system/modprobe.
Oct 15 15:51:56 titusbiluta-VirtualBox kernel: [    2.473752] systemd[1]: Created slice Slice /system/systemd-fsck.
Oct 15 15:51:56 titusbiluta-VirtualBox kernel: [    2.473978] systemd[1]: Created slice User and Session Slice.
Oct 15 15:51:56 titusbiluta-VirtualBox kernel: [    2.474055] systemd[1]: Started Forward Password Requests to Wall Directory Watch.
Oct 15 15:51:56 titusbiluta-VirtualBox kernel: [    2.474232] systemd[1]: Set up automount Arbitrary Executable File Formats File System Automount Point.
Oct 15 15:51:56 titusbiluta-VirtualBox kernel: [    2.474449] systemd[1]: Reached target User and Group Name Lookups.
Oct 15 15:51:56 titusbiluta-VirtualBox kernel: [    2.474463] systemd[1]: Reached target Remote File Systems.
Oct 15 15:51:56 titusbiluta-VirtualBox kernel: [    2.474472] systemd[1]: Reached target Slice Units.
Oct 15 15:51:56 titusbiluta-VirtualBox kernel: [    2.474484] systemd[1]: Reached target Mounting snaps.
Oct 15 15:51:56 titusbiluta-VirtualBox kernel: [    2.474504] systemd[1]: Reached target Local Verity Protected Volumes.
Oct 15 15:51:56 titusbiluta-VirtualBox kernel: [    2.474641] systemd[1]: Listening on Syslog Socket.
Oct 15 15:51:56 titusbiluta-VirtualBox kernel: [    2.474738] systemd[1]: Listening on fsck to fsckd communication Socket.
Oct 15 15:51:56 titusbiluta-VirtualBox kernel: [    2.474795] systemd[1]: Listening on initctl Compatibility Named Pipe.
Oct 15 15:51:56 titusbiluta-VirtualBox kernel: [    2.474977] systemd[1]: Listening on Journal Audit Socket.
Oct 15 15:51:56 titusbiluta-VirtualBox kernel: [    2.475075] systemd[1]: Listening on Journal Socket (/dev/log).
Oct 15 15:51:56 titusbiluta-VirtualBox kernel: [    2.475203] systemd[1]: Listening on Journal Socket.
Oct 15 15:51:56 titusbiluta-VirtualBox kernel: [    2.475349] systemd[1]: Listening on udev Control Socket.
Oct 15 15:51:56 titusbiluta-VirtualBox kernel: [    2.475438] systemd[1]: Listening on udev Kernel Socket.
Oct 15 15:51:56 titusbiluta-VirtualBox kernel: [    2.476504] systemd[1]: Mounting Huge Pages File System...
Oct 15 15:51:56 titusbiluta-VirtualBox kernel: [    2.477950] systemd[1]: Mounting POSIX Message Queue File System...
Oct 15 15:51:56 titusbiluta-VirtualBox kernel: [    2.479177] systemd[1]: Mounting Kernel Debug File System...
Oct 15 15:51:56 titusbiluta-VirtualBox kernel: [    2.480828] systemd[1]: Mounting Kernel Trace File System...
Oct 15 15:51:56 titusbiluta-VirtualBox kernel: [    2.483882] systemd[1]: Starting Journal Service...
Oct 15 15:51:56 titusbiluta-VirtualBox kernel: [    2.486130] systemd[1]: Starting Set the console keyboard layout...
Oct 15 15:51:56 titusbiluta-VirtualBox kernel: [    2.488382] systemd[1]: Starting Create List of Static Device Nodes...
Oct 15 15:51:56 titusbiluta-VirtualBox kernel: [    2.489308] systemd[1]: Starting Load Kernel Module configfs...
Oct 15 15:51:56 titusbiluta-VirtualBox kernel: [    2.490441] systemd[1]: Starting Load Kernel Module drm...
Oct 15 15:51:56 titusbiluta-VirtualBox kernel: [    2.491419] systemd[1]: Starting Load Kernel Module efi_pstore...
Oct 15 15:51:56 titusbiluta-VirtualBox kernel: [    2.492688] systemd[1]: Starting Load Kernel Module fuse...
Oct 15 15:51:56 titusbiluta-VirtualBox kernel: [    2.492810] systemd[1]: Condition check resulted in File System Check on Root Device being skipped.
Oct 15 15:51:56 titusbiluta-VirtualBox kernel: [    2.496025] systemd[1]: Starting Load Kernel Modules...
Oct 15 15:51:56 titusbiluta-VirtualBox kernel: [    2.497057] systemd[1]: Starting Remount Root and Kernel File Systems...
Oct 15 15:51:56 titusbiluta-VirtualBox kernel: [    2.497918] systemd[1]: Starting Coldplug All udev Devices...
Oct 15 15:51:56 titusbiluta-VirtualBox kernel: [    2.499310] systemd[1]: Mounted Huge Pages File System.
Oct 15 15:51:56 titusbiluta-VirtualBox kernel: [    2.499395] systemd[1]: Mounted POSIX Message Queue File System.
Oct 15 15:51:56 titusbiluta-VirtualBox kernel: [    2.499474] systemd[1]: Mounted Kernel Debug File System.
Oct 15 15:51:56 titusbiluta-VirtualBox kernel: [    2.499545] systemd[1]: Mounted Kernel Trace File System.
Oct 15 15:51:56 titusbiluta-VirtualBox kernel: [    2.499923] systemd[1]: Finished Create List of Static Device Nodes.
Oct 15 15:51:56 titusbiluta-VirtualBox kernel: [    2.500195] systemd[1]: modprobe@configfs.service: Deactivated successfully.
Oct 15 15:51:56 titusbiluta-VirtualBox kernel: [    2.500477] systemd[1]: Finished Load Kernel Module configfs.
Oct 15 15:51:56 titusbiluta-VirtualBox kernel: [    2.500692] systemd[1]: modprobe@drm.service: Deactivated successfully.
Oct 15 15:51:56 titusbiluta-VirtualBox kernel: [    2.501307] systemd[1]: Finished Load Kernel Module drm.
Oct 15 15:51:56 titusbiluta-VirtualBox kernel: [    2.501586] systemd[1]: modprobe@fuse.service: Deactivated successfully.
Oct 15 15:51:56 titusbiluta-VirtualBox kernel: [    2.501906] systemd[1]: Finished Load Kernel Module fuse.
Oct 15 15:51:56 titusbiluta-VirtualBox kernel: [    2.504027] systemd[1]: Mounting FUSE Control File System...
Oct 15 15:51:56 titusbiluta-VirtualBox kernel: [    2.505367] systemd[1]: Mounting Kernel Configuration File System...
Oct 15 15:51:56 titusbiluta-VirtualBox kernel: [    2.505862] systemd[1]: modprobe@efi_pstore.service: Deactivated successfully.
Oct 15 15:51:56 titusbiluta-VirtualBox kernel: [    2.506217] systemd[1]: Finished Load Kernel Module efi_pstore.
Oct 15 15:51:56 titusbiluta-VirtualBox systemd[1]: Finished Load AppArmor profiles managed internally by snapd.
Oct 15 15:51:56 titusbiluta-VirtualBox systemd[1]: Reached target System Initialization.
Oct 15 15:51:56 titusbiluta-VirtualBox systemd[1]: Started ACPI Events Check.
Oct 15 15:51:56 titusbiluta-VirtualBox systemd[1]: Condition check resulted in Process error reports when automatic reporting is enabled (file watch) being skipped.
Oct 15 15:51:56 titusbiluta-VirtualBox systemd[1]: Started CUPS Scheduler.
Oct 15 15:51:56 titusbiluta-VirtualBox systemd[1]: Started Start whoopsie on modification of the /var/crash directory.
Oct 15 15:51:56 titusbiluta-VirtualBox systemd[1]: Started Trigger anacron every hour.
Oct 15 15:51:56 titusbiluta-VirtualBox systemd[1]: Condition check resulted in Process error reports when automatic reporting is enabled (timer based) being skipped.
Oct 15 15:51:56 titusbiluta-VirtualBox systemd[1]: Started Daily apt download activities.
Oct 15 15:51:56 titusbiluta-VirtualBox systemd[1]: Started Daily apt upgrade and clean activities.
Oct 15 15:51:56 titusbiluta-VirtualBox systemd[1]: Started Daily dpkg database backup timer.
Oct 15 15:51:56 titusbiluta-VirtualBox systemd[1]: Started Periodic ext4 Online Metadata Check for All Filesystems.
Oct 15 15:51:56 titusbiluta-VirtualBox systemd[1]: Started Discard unused blocks once a week.
Oct 15 15:51:56 titusbiluta-VirtualBox systemd[1]: Started Refresh fwupd metadata regularly.
Oct 15 15:51:56 titusbiluta-VirtualBox systemd[1]: Started Daily rotation of log files.
Oct 15 15:51:56 titusbiluta-VirtualBox systemd[1]: Started Daily man-db regeneration.
Oct 15 15:51:56 titusbiluta-VirtualBox systemd[1]: Started Message of the Day.
Oct 15 15:51:56 titusbiluta-VirtualBox systemd[1]: Condition check resulted in Timer to automatically fetch and run repair assertions being skipped.
Oct 15 15:51:56 titusbiluta-VirtualBox systemd[1]: Started Daily Cleanup of Temporary Directories.
Oct 15 15:51:56 titusbiluta-VirtualBox systemd[1]: Condition check resulted in Ubuntu Pro Timer for running repeated jobs being skipped.
Oct 15 15:51:56 titusbiluta-VirtualBox systemd[1]: Reached target Path Units.
Oct 15 15:51:56 titusbiluta-VirtualBox systemd[1]: Listening on ACPID Listen Socket.
Oct 15 15:51:56 titusbiluta-VirtualBox systemd[1]: Condition check resulted in Unix socket for apport crash forwarding being skipped.
Oct 15 15:51:56 titusbiluta-VirtualBox systemd[1]: Listening on Avahi mDNS/DNS-SD Stack Activation Socket.
Oct 15 15:51:56 titusbiluta-VirtualBox systemd[1]: Listening on CUPS Scheduler.
Oct 15 15:51:56 titusbiluta-VirtualBox systemd[1]: Listening on D-Bus System Message Bus Socket.
Oct 15 15:51:56 titusbiluta-VirtualBox systemd[1]: Starting Socket activation for snappy daemon...
Oct 15 15:51:56 titusbiluta-VirtualBox systemd[1]: Listening on UUID daemon activation socket.
Oct 15 15:51:56 titusbiluta-VirtualBox systemd[1]: Listening on Socket activation for snappy daemon.
Oct 15 15:51:56 titusbiluta-VirtualBox systemd[1]: Reached target Socket Units.
Oct 15 15:51:56 titusbiluta-VirtualBox systemd[1]: Reached target Basic System.
Oct 15 15:51:56 titusbiluta-VirtualBox systemd[1]: Starting Accounts Service...
Oct 15 15:51:56 titusbiluta-VirtualBox systemd[1]: Started ACPI event daemon.
Oct 15 15:51:56 titusbiluta-VirtualBox systemd[1]: Started Run anacron jobs.
Oct 15 15:51:56 titusbiluta-VirtualBox systemd[1]: Starting LSB: automatic crash report generation...
Oct 15 15:51:56 titusbiluta-VirtualBox anacron[618]: Anacron 2.3 started on 2024-10-15
Oct 15 15:51:56 titusbiluta-VirtualBox systemd[1]: Starting Avahi mDNS/DNS-SD Stack...
Oct 15 15:51:56 titusbiluta-VirtualBox anacron[618]: Will run job `cron.daily' in 5 min.
Oct 15 15:51:56 titusbiluta-VirtualBox anacron[618]: Will run job `cron.weekly' in 10 min.
Oct 15 15:51:56 titusbiluta-VirtualBox anacron[618]: Will run job `cron.monthly' in 15 min.
Oct 15 15:51:56 titusbiluta-VirtualBox anacron[618]: Jobs will be executed sequentially
Oct 15 15:51:56 titusbiluta-VirtualBox systemd[1]: Started Regular background program processing daemon.
Oct 15 15:51:56 titusbiluta-VirtualBox cron[622]: (CRON) INFO (pidfile fd = 3)
Oct 15 15:51:56 titusbiluta-VirtualBox systemd[1]: Started D-Bus System Message Bus.
Oct 15 15:51:56 titusbiluta-VirtualBox cron[622]: (CRON) INFO (Running @reboot jobs)
Oct 15 15:51:56 titusbiluta-VirtualBox avahi-daemon[620]: Found user 'avahi' (UID 114) and group 'avahi' (GID 121).
Oct 15 15:51:56 titusbiluta-VirtualBox systemd[1]: Starting Network Manager...
Oct 15 15:51:56 titusbiluta-VirtualBox systemd[1]: Started Save initial kernel messages after boot.
Oct 15 15:51:56 titusbiluta-VirtualBox systemd[1]: Starting Remove Stale Online ext4 Metadata Check Snapshots...
Oct 15 15:51:56 titusbiluta-VirtualBox systemd[1]: Condition check resulted in getty on tty2-tty6 if dbus and logind are not available being skipped.
Oct 15 15:51:56 titusbiluta-VirtualBox systemd[1]: Reached target Login Prompts.
Oct 15 15:51:56 titusbiluta-VirtualBox systemd[1]: Starting Detect the available GPUs and deal with any system changes...
Oct 15 15:51:56 titusbiluta-VirtualBox systemd[1]: Starting Record successful boot for GRUB...
Oct 15 15:51:56 titusbiluta-VirtualBox systemd[1]: Started irqbalance daemon.
Oct 15 15:51:56 titusbiluta-VirtualBox systemd[1]: Starting Dispatcher daemon for systemd-networkd...
Oct 15 15:51:56 titusbiluta-VirtualBox dbus-daemon[623]: dbus[623]: Unknown group "power" in message bus configuration file
Oct 15 15:51:56 titusbiluta-VirtualBox systemd[1]: Starting Authorization Manager...
Oct 15 15:51:56 titusbiluta-VirtualBox systemd[1]: Starting Power Profiles daemon...
Oct 15 15:51:56 titusbiluta-VirtualBox systemd[1]: Starting System Logging Service...
Oct 15 15:51:56 titusbiluta-VirtualBox systemd[1]: Condition check resulted in Secure Boot updates for DB and DBX being skipped.
Oct 15 15:51:56 titusbiluta-VirtualBox systemd[1]: Condition check resulted in Automatically repair incorrect owner/permissions on core devices being skipped.
Oct 15 15:51:56 titusbiluta-VirtualBox systemd[1]: Condition check resulted in Wait for the Ubuntu Core chooser trigger being skipped.
Oct 15 15:51:56 titusbiluta-VirtualBox systemd[1]: Reached target Preparation for Logins.
Oct 15 15:51:56 titusbiluta-VirtualBox systemd[1]: Starting Wait until snapd is fully seeded...
Oct 15 15:51:56 titusbiluta-VirtualBox systemd[1]: Starting Snap Daemon...
Oct 15 15:51:56 titusbiluta-VirtualBox systemd[1]: Starting Switcheroo Control Proxy service...
Oct 15 15:51:56 titusbiluta-VirtualBox systemd[1]: Starting User Login Management...
Oct 15 15:51:56 titusbiluta-VirtualBox kernel: [    2.507267] systemd[1]: Mounted FUSE Control File System.
Oct 15 15:51:56 titusbiluta-VirtualBox systemd[1]: Condition check resulted in Thermal Daemon Service being skipped.
Oct 15 15:51:56 titusbiluta-VirtualBox kernel: [    2.508557] systemd[1]: Mounted Kernel Configuration File System.
Oct 15 15:51:56 titusbiluta-VirtualBox kernel: [    2.512308] EXT4-fs (sda3): re-mounted 58754d9a-cc3f-46cc-b069-048f272f6476 r/w. Quota mode: none.
Oct 15 15:51:56 titusbiluta-VirtualBox kernel: [    2.513882] systemd[1]: Finished Remount Root and Kernel File Systems.
Oct 15 15:51:56 titusbiluta-VirtualBox kernel: [    2.520957] systemd[1]: Activating swap /swapfile...
Oct 15 15:51:56 titusbiluta-VirtualBox kernel: [    2.521068] systemd[1]: Condition check resulted in Platform Persistent Storage Archival being skipped.
Oct 15 15:51:56 titusbiluta-VirtualBox systemd[1]: Condition check resulted in Ubuntu Pro reboot cmds being skipped.
Oct 15 15:51:56 titusbiluta-VirtualBox systemd[1]: Starting Disk Manager...
Oct 15 15:51:56 titusbiluta-VirtualBox systemd[1]: Starting WPA supplicant...
Oct 15 15:51:56 titusbiluta-VirtualBox avahi-daemon[620]: Successfully dropped root privileges.
Oct 15 15:51:56 titusbiluta-VirtualBox avahi-daemon[620]: avahi-daemon 0.8 starting up.
Oct 15 15:51:56 titusbiluta-VirtualBox apport[619]:  * Starting automatic crash report generation: apport
Oct 15 15:51:56 titusbiluta-VirtualBox acpid: starting up with netlink and the input layer
Oct 15 15:51:56 titusbiluta-VirtualBox systemd[1]: Started System Logging Service.
Oct 15 15:51:56 titusbiluta-VirtualBox rsyslogd: imuxsock: Acquired UNIX socket '/run/systemd/journal/syslog' (fd 3) from systemd.  [v8.2112.0]
Oct 15 15:51:56 titusbiluta-VirtualBox systemd[1]: Started LSB: automatic crash report generation.
Oct 15 15:51:56 titusbiluta-VirtualBox rsyslogd: rsyslogd's groupid changed to 111
Oct 15 15:51:56 titusbiluta-VirtualBox apport[619]:    ...done.
Oct 15 15:51:56 titusbiluta-VirtualBox rsyslogd: rsyslogd's userid changed to 104
Oct 15 15:51:56 titusbiluta-VirtualBox rsyslogd: [origin software="rsyslogd" swVersion="8.2112.0" x-pid="640" x-info="https://www.rsyslog.com"] start
Oct 15 15:51:56 titusbiluta-VirtualBox kernel: [    2.522715] systemd[1]: Starting Load/Save Random Seed...
Oct 15 15:51:56 titusbiluta-VirtualBox kernel: [    2.524999] systemd[1]: Starting Create System Users...
Oct 15 15:51:56 titusbiluta-VirtualBox kernel: [    2.533974] Adding 2097148k swap on /swapfile.  Priority:-2 extents:6 across:2260988k 
Oct 15 15:51:56 titusbiluta-VirtualBox kernel: [    2.534026] systemd[1]: Activated swap /swapfile.
Oct 15 15:51:56 titusbiluta-VirtualBox kernel: [    2.534073] systemd[1]: Reached target Swaps.
Oct 15 15:51:56 titusbiluta-VirtualBox kernel: [    2.535187] systemd[1]: Started Journal Service.
Oct 15 15:51:56 titusbiluta-VirtualBox kernel: [    2.535913] lp: driver loaded but no devices found
Oct 15 15:51:56 titusbiluta-VirtualBox kernel: [    2.544214] systemd-journald[246]: Received client request to flush runtime journal.
Oct 15 15:51:56 titusbiluta-VirtualBox kernel: [    2.544177] ppdev: user-space parallel port driver
Oct 15 15:51:56 titusbiluta-VirtualBox kernel: [    2.595456] loop0: detected capacity change from 0 to 152112
Oct 15 15:51:56 titusbiluta-VirtualBox kernel: [    2.595800] loop1: detected capacity change from 0 to 8
Oct 15 15:51:56 titusbiluta-VirtualBox kernel: [    2.598028] loop2: detected capacity change from 0 to 555496
Oct 15 15:51:56 titusbiluta-VirtualBox kernel: [    2.600009] loop3: detected capacity change from 0 to 1034424
Oct 15 15:51:56 titusbiluta-VirtualBox kernel: [    2.602936] loop4: detected capacity change from 0 to 187776
Oct 15 15:51:56 titusbiluta-VirtualBox kernel: [    2.607960] loop5: detected capacity change from 0 to 26472
Oct 15 15:51:56 titusbiluta-VirtualBox kernel: [    2.611225] loop6: detected capacity change from 0 to 79520
Oct 15 15:51:56 titusbiluta-VirtualBox kernel: [    2.614435] loop7: detected capacity change from 0 to 1000
Oct 15 15:51:56 titusbiluta-VirtualBox kernel: [    2.788501] vboxguest: host-version: 7.1.2r164945 0x8000000f
Oct 15 15:51:56 titusbiluta-VirtualBox kernel: [    2.789686] vbg_heartbeat_init: Setting up heartbeat to trigger every 2000 milliseconds
Oct 15 15:51:56 titusbiluta-VirtualBox kernel: [    2.798604] input: VirtualBox mouse integration as /devices/pci0000:00/0000:00:04.0/input/input7
Oct 15 15:51:56 titusbiluta-VirtualBox kernel: [    2.908160] vmwgfx 0000:00:02.0: vgaarb: deactivate vga console
Oct 15 15:51:56 titusbiluta-VirtualBox kernel: [    2.933534] Console: switching to colour dummy device 80x25
Oct 15 15:51:56 titusbiluta-VirtualBox kernel: [    2.938491] cryptd: max_cpu_qlen set to 1000
Oct 15 15:51:56 titusbiluta-VirtualBox kernel: [    2.949204] vmwgfx 0000:00:02.0: [drm] FIFO at 0x00000000f0000000 size is 2048 kiB
Oct 15 15:51:56 titusbiluta-VirtualBox kernel: [    2.949216] vmwgfx 0000:00:02.0: [drm] VRAM at 0x00000000e0000000 size is 16384 kiB
Oct 15 15:51:56 titusbiluta-VirtualBox kernel: [    2.949251] vmwgfx 0000:00:02.0: [drm] Running on SVGA version 2.
Oct 15 15:51:56 titusbiluta-VirtualBox kernel: [    2.949272] vmwgfx 0000:00:02.0: [drm] Capabilities: rect copy, cursor, cursor bypass, cursor bypass 2, alpha cursor, extended fifo, pitchlock, irq mask, gmr, traces, gmr2, screen object 2, command buffers, 
Oct 15 15:51:56 titusbiluta-VirtualBox kernel: [    2.949275] vmwgfx 0000:00:02.0: [drm] *ERROR* vmwgfx seems to be running on an unsupported hypervisor.
Oct 15 15:51:56 titusbiluta-VirtualBox kernel: [    2.949281] vmwgfx 0000:00:02.0: [drm] *ERROR* This configuration is likely broken.
Oct 15 15:51:56 titusbiluta-VirtualBox kernel: [    2.949286] vmwgfx 0000:00:02.0: [drm] *ERROR* Please switch to a supported graphics device to avoid problems.
Oct 15 15:51:56 titusbiluta-VirtualBox kernel: [    2.949291] vmwgfx 0000:00:02.0: [drm] DMA map mode: Caching DMA mappings.
Oct 15 15:51:56 titusbiluta-VirtualBox kernel: [    2.949532] vmwgfx 0000:00:02.0: [drm] Legacy memory limits: VRAM = 16384 kB, FIFO = 2048 kB, surface = 507904 kB
Oct 15 15:51:56 titusbiluta-VirtualBox kernel: [    2.949535] vmwgfx 0000:00:02.0: [drm] MOB limits: max mob size = 0 kB, max mob pages = 0
Oct 15 15:51:56 titusbiluta-VirtualBox kernel: [    2.949538] vmwgfx 0000:00:02.0: [drm] Max GMR ids is 8192
Oct 15 15:51:56 titusbiluta-VirtualBox kernel: [    2.949539] vmwgfx 0000:00:02.0: [drm] Max number of GMR pages is 1048576
Oct 15 15:51:56 titusbiluta-VirtualBox kernel: [    2.949541] vmwgfx 0000:00:02.0: [drm] Maximum display memory size is 16384 kiB
Oct 15 15:51:56 titusbiluta-VirtualBox kernel: [    2.955315] vmwgfx 0000:00:02.0: [drm] Screen Object display unit initialized
Oct 15 15:51:56 titusbiluta-VirtualBox kernel: [    2.955640] vmwgfx 0000:00:02.0: [drm] Fifo max 0x00200000 min 0x00001000 cap 0x00000355
Oct 15 15:51:56 titusbiluta-VirtualBox kernel: [    2.956579] vmwgfx 0000:00:02.0: [drm] Using command buffers with DMA pool.
Oct 15 15:51:56 titusbiluta-VirtualBox kernel: [    2.956589] vmwgfx 0000:00:02.0: [drm] Available shader model: Legacy.
Oct 15 15:51:56 titusbiluta-VirtualBox kernel: [    2.983099] SSE version of gcm_enc/dec engaged.
Oct 15 15:51:56 titusbiluta-VirtualBox kernel: [    3.020495] [drm] Initialized vmwgfx 2.20.0 20211206 for 0000:00:02.0 on minor 0
Oct 15 15:51:56 titusbiluta-VirtualBox kernel: [    3.059723] fbcon: vmwgfxdrmfb (fb0) is primary device
Oct 15 15:51:56 titusbiluta-VirtualBox kernel: [    3.094388] Console: switching to colour frame buffer device 160x50
Oct 15 15:51:56 titusbiluta-VirtualBox kernel: [    3.282827] vmwgfx 0000:00:02.0: [drm] fb0: vmwgfxdrmfb frame buffer device
Oct 15 15:51:56 titusbiluta-VirtualBox kernel: [    3.300664] intel_rapl_common: Found RAPL domain package
Oct 15 15:51:56 titusbiluta-VirtualBox kernel: [    3.300687] intel_rapl_common: Found RAPL domain core
Oct 15 15:51:56 titusbiluta-VirtualBox kernel: [    3.420359] workqueue: drm_fb_helper_damage_work hogged CPU for >10000us 4 times, consider switching to WQ_UNBOUND
Oct 15 15:51:56 titusbiluta-VirtualBox kernel: [    3.451586] snd_intel8x0 0000:00:05.0: allow list rate for 1028:0177 is 48000
Oct 15 15:51:56 titusbiluta-VirtualBox kernel: [    3.502724] audit: type=1400 audit(1728996710.330:2): apparmor="STATUS" operation="profile_load" profile="unconfined" name="lsb_release" pid=463 comm="apparmor_parser"
Oct 15 15:51:56 titusbiluta-VirtualBox kernel: [    3.521111] audit: type=1400 audit(1728996710.354:3): apparmor="STATUS" operation="profile_load" profile="unconfined" name="nvidia_modprobe" pid=464 comm="apparmor_parser"
Oct 15 15:51:56 titusbiluta-VirtualBox kernel: [    3.521117] audit: type=1400 audit(1728996710.354:4): apparmor="STATUS" operation="profile_load" profile="unconfined" name="nvidia_modprobe//kmod" pid=464 comm="apparmor_parser"
Oct 15 15:51:56 titusbiluta-VirtualBox kernel: [    3.558777] audit: type=1400 audit(1728996710.394:5): apparmor="STATUS" operation="profile_load" profile="unconfined" name="ubuntu_pro_apt_news" pid=466 comm="apparmor_parser"
Oct 15 15:51:56 titusbiluta-VirtualBox kernel: [    3.587470] audit: type=1400 audit(1728996710.412:6): apparmor="STATUS" operation="profile_load" profile="unconfined" name="/usr/bin/man" pid=489 comm="apparmor_parser"
Oct 15 15:51:56 titusbiluta-VirtualBox kernel: [    3.588326] audit: type=1400 audit(1728996710.412:7): apparmor="STATUS" operation="profile_load" profile="unconfined" name="man_filter" pid=489 comm="apparmor_parser"
Oct 15 15:51:56 titusbiluta-VirtualBox kernel: [    3.589025] audit: type=1400 audit(1728996710.412:8): apparmor="STATUS" operation="profile_load" profile="unconfined" name="man_groff" pid=489 comm="apparmor_parser"
Oct 15 15:51:56 titusbiluta-VirtualBox kernel: [    3.611272] audit: type=1400 audit(1728996710.412:9): apparmor="STATUS" operation="profile_load" profile="unconfined" name="libreoffice-senddoc" pid=514 comm="apparmor_parser"
Oct 15 15:51:56 titusbiluta-VirtualBox kernel: [    3.668640] audit: type=1400 audit(1728996710.485:10): apparmor="STATUS" operation="profile_load" profile="unconfined" name="/usr/lib/NetworkManager/nm-dhcp-client.action" pid=465 comm="apparmor_parser"
Oct 15 15:51:56 titusbiluta-VirtualBox kernel: [    5.250519] kauditd_printk_skb: 22 callbacks suppressed
Oct 15 15:51:56 titusbiluta-VirtualBox kernel: [    5.250523] audit: type=1400 audit(1728996712.085:33): apparmor="STATUS" operation="profile_load" profile="unconfined" name="/usr/bin/evince//sanitized_helper" pid=468 comm="apparmor_parser"
Oct 15 15:51:56 titusbiluta-VirtualBox kernel: [    5.251329] audit: type=1400 audit(1728996712.086:34): apparmor="STATUS" operation="profile_load" profile="unconfined" name="/usr/bin/evince//snap_browsers" pid=468 comm="apparmor_parser"
Oct 15 15:51:56 titusbiluta-VirtualBox kernel: [    5.254898] audit: type=1400 audit(1728996712.090:35): apparmor="STATUS" operation="profile_load" profile="unconfined" name="/usr/bin/evince-previewer" pid=468 comm="apparmor_parser"
Oct 15 15:51:56 titusbiluta-VirtualBox kernel: [    5.255797] audit: type=1400 audit(1728996712.091:36): apparmor="STATUS" operation="profile_load" profile="unconfined" name="/usr/bin/evince-previewer//sanitized_helper" pid=468 comm="apparmor_parser"
Oct 15 15:51:56 titusbiluta-VirtualBox kernel: [    5.257609] audit: type=1400 audit(1728996712.093:37): apparmor="STATUS" operation="profile_load" profile="unconfined" name="/usr/bin/evince-thumbnailer" pid=468 comm="apparmor_parser"
Oct 15 15:51:56 titusbiluta-VirtualBox kernel: [    7.055594] audit: type=1400 audit(1728996713.889:38): apparmor="STATUS" operation="profile_load" profile="unconfined" name="libreoffice-soffice" pid=516 comm="apparmor_parser"
Oct 15 15:51:56 titusbiluta-VirtualBox kernel: [    7.056968] audit: type=1400 audit(1728996713.891:39): apparmor="STATUS" operation="profile_load" profile="unconfined" name="libreoffice-soffice//gpg" pid=516 comm="apparmor_parser"
Oct 15 15:51:56 titusbiluta-VirtualBox kernel: [    7.275189] audit: type=1400 audit(1728996714.110:40): apparmor="STATUS" operation="profile_load" profile="unconfined" name="/snap/snapd/21759/usr/lib/snapd/snap-confine" pid=600 comm="apparmor_parser"
Oct 15 15:51:56 titusbiluta-VirtualBox kernel: [    7.275750] audit: type=1400 audit(1728996714.111:41): apparmor="STATUS" operation="profile_load" profile="unconfined" name="/snap/snapd/21759/usr/lib/snapd/snap-confine//mount-namespace-capture-helper" pid=600 comm="apparmor_parser"
Oct 15 15:51:56 titusbiluta-VirtualBox kernel: [    7.569535] audit: type=1400 audit(1728996714.405:42): apparmor="STATUS" operation="profile_load" profile="unconfined" name="snap.firefox.hook.configure" pid=606 comm="apparmor_parser"
Oct 15 15:51:56 titusbiluta-VirtualBox acpid: 8 rules loaded
Oct 15 15:51:56 titusbiluta-VirtualBox acpid: waiting for events: event logging is off
Oct 15 15:51:56 titusbiluta-VirtualBox udisksd[651]: udisks daemon version 2.9.4 starting
Oct 15 15:51:56 titusbiluta-VirtualBox systemd[1]: grub-common.service: Deactivated successfully.
Oct 15 15:51:56 titusbiluta-VirtualBox systemd[1]: Finished Record successful boot for GRUB.
Oct 15 15:51:56 titusbiluta-VirtualBox systemd[1]: Starting GRUB failed boot detection...
Oct 15 15:51:56 titusbiluta-VirtualBox systemd[1]: grub-initrd-fallback.service: Deactivated successfully.
Oct 15 15:51:56 titusbiluta-VirtualBox systemd[1]: Finished GRUB failed boot detection.
Oct 15 15:51:56 titusbiluta-VirtualBox dbus-daemon[623]: [system] AppArmor D-Bus mediation is enabled
Oct 15 15:51:56 titusbiluta-VirtualBox systemd[1]: gpu-manager.service: Deactivated successfully.
Oct 15 15:51:56 titusbiluta-VirtualBox systemd[1]: Finished Detect the available GPUs and deal with any system changes.
Oct 15 15:51:56 titusbiluta-VirtualBox systemd[1]: Started User Login Management.
Oct 15 15:51:56 titusbiluta-VirtualBox dbus-daemon[623]: [system] Successfully activated service 'org.freedesktop.systemd1'
Oct 15 15:51:56 titusbiluta-VirtualBox systemd[1]: Started WPA supplicant.
Oct 15 15:51:56 titusbiluta-VirtualBox avahi-daemon[620]: Successfully called chroot().
Oct 15 15:51:56 titusbiluta-VirtualBox avahi-daemon[620]: Successfully dropped remaining capabilities.
Oct 15 15:51:56 titusbiluta-VirtualBox dbus-daemon[623]: [system] Activating via systemd: service name='org.freedesktop.PolicyKit1' unit='polkit.service' requested by ':1.10' (uid=0 pid=638 comm="/usr/libexec/power-profiles-daemon " label="unconfined")
Oct 15 15:51:56 titusbiluta-VirtualBox wpa_supplicant[653]: Successfully initialized wpa_supplicant
Oct 15 15:51:56 titusbiluta-VirtualBox systemd[1]: Started Avahi mDNS/DNS-SD Stack.
Oct 15 15:51:56 titusbiluta-VirtualBox avahi-daemon[620]: No service file found in /etc/avahi/services.
Oct 15 15:51:56 titusbiluta-VirtualBox systemd[1]: Started Switcheroo Control Proxy service.
Oct 15 15:51:56 titusbiluta-VirtualBox avahi-daemon[620]: Joining mDNS multicast group on interface lo.IPv6 with address ::1.
Oct 15 15:51:56 titusbiluta-VirtualBox avahi-daemon[620]: New relevant interface lo.IPv6 for mDNS.
Oct 15 15:51:56 titusbiluta-VirtualBox systemd[1]: Condition check resulted in Manage Sound Card State (restore and store) being skipped.
Oct 15 15:51:56 titusbiluta-VirtualBox avahi-daemon[620]: Joining mDNS multicast group on interface lo.IPv4 with address 127.0.0.1.
Oct 15 15:51:56 titusbiluta-VirtualBox avahi-daemon[620]: New relevant interface lo.IPv4 for mDNS.
Oct 15 15:51:56 titusbiluta-VirtualBox avahi-daemon[620]: Network interface enumeration completed.
Oct 15 15:51:56 titusbiluta-VirtualBox avahi-daemon[620]: Registering new address record for ::1 on lo.*.
Oct 15 15:51:56 titusbiluta-VirtualBox avahi-daemon[620]: Registering new address record for 127.0.0.1 on lo.IPv4.
Oct 15 15:51:56 titusbiluta-VirtualBox polkitd[637]: started daemon version 0.105 using authority implementation `local' version `0.105'
Oct 15 15:51:56 titusbiluta-VirtualBox dbus-daemon[623]: [system] Successfully activated service 'org.freedesktop.PolicyKit1'
Oct 15 15:51:56 titusbiluta-VirtualBox systemd[1]: Starting Save/Restore Sound Card State...
Oct 15 15:51:56 titusbiluta-VirtualBox systemd[1]: Started Authorization Manager.
Oct 15 15:51:56 titusbiluta-VirtualBox systemd[1]: Started Power Profiles daemon.
Oct 15 15:51:56 titusbiluta-VirtualBox NetworkManager[625]: <info>  [1728996716.7155] NetworkManager (version 1.36.6) is starting... (for the first time)
